Component: Arm Compiler for Embedded 6.19 Tool: armlink [5e73cb00]

==============================================================================

Section Cross References

    main.o(.text.main) refers to air001xx_hal.o(.text.HAL_Init) for HAL_Init
    main.o(.text.main) refers to led.o(.text.led_dev_register) for led_dev_register
    main.o(.text.main) refers to air001xx_hal.o(.text.HAL_Delay) for HAL_Delay
    main.o(.text.main) refers to main.o(.data.led_group) for led_group
    main.o(.text.main) refers to led.o(.bss._led) for _led
    main.o(.ARM.exidx.text.main) refers to main.o(.text.main) for [Anonymous Symbol]
    air001xx_it.o(.ARM.exidx.text.NMI_Handler) refers to air001xx_it.o(.text.NMI_Handler) for [Anonymous Symbol]
    air001xx_it.o(.ARM.exidx.text.HardFault_Handler) refers to air001xx_it.o(.text.HardFault_Handler) for [Anonymous Symbol]
    air001xx_it.o(.ARM.exidx.text.SVC_Handler) refers to air001xx_it.o(.text.SVC_Handler) for [Anonymous Symbol]
    air001xx_it.o(.ARM.exidx.text.PendSV_Handler) refers to air001xx_it.o(.text.PendSV_Handler) for [Anonymous Symbol]
    air001xx_it.o(.text.SysTick_Handler) refers to air001xx_hal.o(.text.HAL_IncTick) for HAL_IncTick
    air001xx_it.o(.ARM.exidx.text.SysTick_Handler) refers to air001xx_it.o(.text.SysTick_Handler) for [Anonymous Symbol]
    air001xx_hal.o(.text.HAL_Init) refers to air001xx_hal.o(.text.HAL_InitTick) for HAL_InitTick
    air001xx_hal.o(.text.HAL_Init) refers to air001xx_hal.o(.text.HAL_MspInit) for HAL_MspInit
    air001xx_hal.o(.ARM.exidx.text.HAL_Init) refers to air001xx_hal.o(.text.HAL_Init) for [Anonymous Symbol]
    air001xx_hal.o(.text.HAL_InitTick) refers to aeabi_sdiv.o(.text) for __aeabi_uidiv
    air001xx_hal.o(.text.HAL_InitTick) refers to air001xx_hal_cortex.o(.text.HAL_SYSTICK_Config) for HAL_SYSTICK_Config
    air001xx_hal.o(.text.HAL_InitTick) refers to air001xx_hal_cortex.o(.text.HAL_NVIC_SetPriority) for HAL_NVIC_SetPriority
    air001xx_hal.o(.text.HAL_InitTick) refers to air001xx_hal.o(.data.uwTickFreq) for uwTickFreq
    air001xx_hal.o(.text.HAL_InitTick) refers to system_air001xx.o(.data.SystemCoreClock) for SystemCoreClock
    air001xx_hal.o(.text.HAL_InitTick) refers to air001xx_hal.o(.data.uwTickPrio) for uwTickPrio
    air001xx_hal.o(.ARM.exidx.text.HAL_InitTick) refers to air001xx_hal.o(.text.HAL_InitTick) for [Anonymous Symbol]
    air001xx_hal.o(.ARM.exidx.text.HAL_MspInit) refers to air001xx_hal.o(.text.HAL_MspInit) for [Anonymous Symbol]
    air001xx_hal.o(.text.HAL_DeInit) refers to air001xx_hal.o(.text.HAL_MspDeInit) for HAL_MspDeInit
    air001xx_hal.o(.ARM.exidx.text.HAL_DeInit) refers to air001xx_hal.o(.text.HAL_DeInit) for [Anonymous Symbol]
    air001xx_hal.o(.ARM.exidx.text.HAL_MspDeInit) refers to air001xx_hal.o(.text.HAL_MspDeInit) for [Anonymous Symbol]
    air001xx_hal.o(.text.HAL_IncTick) refers to air001xx_hal.o(.data.uwTickFreq) for uwTickFreq
    air001xx_hal.o(.text.HAL_IncTick) refers to air001xx_hal.o(.bss.uwTick) for uwTick
    air001xx_hal.o(.ARM.exidx.text.HAL_IncTick) refers to air001xx_hal.o(.text.HAL_IncTick) for [Anonymous Symbol]
    air001xx_hal.o(.text.HAL_GetTick) refers to air001xx_hal.o(.bss.uwTick) for uwTick
    air001xx_hal.o(.ARM.exidx.text.HAL_GetTick) refers to air001xx_hal.o(.text.HAL_GetTick) for [Anonymous Symbol]
    air001xx_hal.o(.text.HAL_GetTickPrio) refers to air001xx_hal.o(.data.uwTickPrio) for uwTickPrio
    air001xx_hal.o(.ARM.exidx.text.HAL_GetTickPrio) refers to air001xx_hal.o(.text.HAL_GetTickPrio) for [Anonymous Symbol]
    air001xx_hal.o(.text.HAL_SetTickFreq) refers to air001xx_hal.o(.text.HAL_InitTick) for HAL_InitTick
    air001xx_hal.o(.text.HAL_SetTickFreq) refers to air001xx_hal.o(.data.uwTickFreq) for uwTickFreq
    air001xx_hal.o(.text.HAL_SetTickFreq) refers to air001xx_hal.o(.data.uwTickPrio) for uwTickPrio
    air001xx_hal.o(.ARM.exidx.text.HAL_SetTickFreq) refers to air001xx_hal.o(.text.HAL_SetTickFreq) for [Anonymous Symbol]
    air001xx_hal.o(.text.HAL_GetTickFreq) refers to air001xx_hal.o(.data.uwTickFreq) for uwTickFreq
    air001xx_hal.o(.ARM.exidx.text.HAL_GetTickFreq) refers to air001xx_hal.o(.text.HAL_GetTickFreq) for [Anonymous Symbol]
    air001xx_hal.o(.text.HAL_Delay) refers to air001xx_hal.o(.text.HAL_GetTick) for HAL_GetTick
    air001xx_hal.o(.text.HAL_Delay) refers to air001xx_hal.o(.data.uwTickFreq) for uwTickFreq
    air001xx_hal.o(.ARM.exidx.text.HAL_Delay) refers to air001xx_hal.o(.text.HAL_Delay) for [Anonymous Symbol]
    air001xx_hal.o(.ARM.exidx.text.HAL_SuspendTick) refers to air001xx_hal.o(.text.HAL_SuspendTick) for [Anonymous Symbol]
    air001xx_hal.o(.ARM.exidx.text.HAL_ResumeTick) refers to air001xx_hal.o(.text.HAL_ResumeTick) for [Anonymous Symbol]
    air001xx_hal.o(.ARM.exidx.text.HAL_GetHalVersion) refers to air001xx_hal.o(.text.HAL_GetHalVersion) for [Anonymous Symbol]
    air001xx_hal.o(.ARM.exidx.text.HAL_GetREVID) refers to air001xx_hal.o(.text.HAL_GetREVID) for [Anonymous Symbol]
[...]
    air001xx_hal_flash.o(.ARM.exidx.text.HAL_FLASH_OB_RDP_LevelConfig) refers to air001xx_hal_flash.o(.text.HAL_FLASH_OB_RDP_LevelConfig) for [Anonymous Symbol]
    air001xx_hal_flash.o(.text.HAL_FLASH_OBProgram) refers to air001xx_hal_flash.o(.text.FLASH_OB_OptrConfig) for FLASH_OB_OptrConfig
    air001xx_hal_flash.o(.text.HAL_FLASH_OBProgram) refers to air001xx_hal_flash.o(.text.FLASH_OB_GetUser) for FLASH_OB_GetUser
    air001xx_hal_flash.o(.text.HAL_FLASH_OBProgram) refers to air001xx_hal_flash.o(.text.FLASH_OB_GetRDP) for FLASH_OB_GetRDP
    air001xx_hal_flash.o(.text.HAL_FLASH_OBProgram) refers to air001xx_hal_flash.o(.text.FLASH_WaitForLastOperation) for FLASH_WaitForLastOperation
    air001xx_hal_flash.o(.text.HAL_FLASH_OBProgram) refers to air001xx_hal_flash.o(.bss.pFlash) for pFlash
    air001xx_hal_flash.o(.text.HAL_FLASH_OBProgram) refers to air001xx_hal_flash.o(.rodata._FlashTimmingParam) for _FlashTimmingParam
    air001xx_hal_flash.o(.ARM.exidx.text.HAL_FLASH_OBProgram) refers to air001xx_hal_flash.o(.text.HAL_FLASH_OBProgram) for [Anonymous Symbol]
    air001xx_hal_flash.o(.ARM.exidx.text.FLASH_OB_OptrConfig) refers to air001xx_hal_flash.o(.text.FLASH_OB_OptrConfig) for [Anonymous Symbol]
    air001xx_hal_flash.o(.ARM.exidx.text.FLASH_OB_GetUser) refers to air001xx_hal_flash.o(.text.FLASH_OB_GetUser) for [Anonymous Symbol]
    air001xx_hal_flash.o(.ARM.exidx.text.FLASH_OB_GetRDP) refers to air001xx_hal_flash.o(.text.FLASH_OB_GetRDP) for [Anonymous Symbol]
    air001xx_hal_flash.o(.ARM.exidx.text.HAL_FLASH_OBGetConfig) refers to air001xx_hal_flash.o(.text.HAL_FLASH_OBGetConfig) for [Anonymous Symbol]
    air001xx_hal_flash.o(.text.HAL_FLASH_IRQHandler) refers to air001xx_hal_flash.o(.text.HAL_FLASH_OperationErrorCallback) for HAL_FLASH_OperationErrorCallback
    air001xx_hal_flash.o(.text.HAL_FLASH_IRQHandler) refers to air001xx_hal_flash.o(.text.FLASH_PageErase) for FLASH_PageErase
    air001xx_hal_flash.o(.text.HAL_FLASH_IRQHandler) refers to air001xx_hal_flash.o(.text.FLASH_SectorErase) for FLASH_SectorErase
    air001xx_hal_flash.o(.text.HAL_FLASH_IRQHandler) refers to air001xx_hal_flash.o(.text.HAL_FLASH_EndOfOperationCallback) for HAL_FLASH_EndOfOperationCallback
    air001xx_hal_flash.o(.text.HAL_FLASH_IRQHandler) refers to air001xx_hal_flash.o(.bss.pFlash) for pFlash
    air001xx_hal_flash.o(.ARM.exidx.text.HAL_FLASH_IRQHandler) refers to air001xx_hal_flash.o(.text.HAL_FLASH_IRQHandler) for [Anonymous Symbol]
    air001xx_hal_flash.o(.ARM.exidx.text.HAL_FLASH_OperationErrorCallback) refers to air001xx_hal_flash.o(.text.HAL_FLASH_OperationErrorCallback) for [Anonymous Symbol]
    air001xx_hal_flash.o(.ARM.exidx.text.HAL_FLASH_EndOfOperationCallback) refers to air001xx_hal_flash.o(.text.HAL_FLASH_EndOfOperationCallback) for [Anonymous Symbol]
    air001xx_hal_gpio.o(.ARM.exidx.text.HAL_GPIO_Init) refers to air001xx_hal_gpio.o(.text.HAL_GPIO_Init) for [Anonymous Symbol]
    air001xx_hal_gpio.o(.ARM.exidx.text.HAL_GPIO_DeInit) refers to air001xx_hal_gpio.o(.text.HAL_GPIO_DeInit) for [Anonymous Symbol]
    air001xx_hal_gpio.o(.ARM.exidx.text.HAL_GPIO_ReadPin) refers to air001xx_hal_gpio.o(.text.HAL_GPIO_ReadPin) for [Anonymous Symbol]
    air001xx_hal_gpio.o(.ARM.exidx.text.HAL_GPIO_WritePin) refers to air001xx_hal_gpio.o(.text.HAL_GPIO_WritePin) for [Anonymous Symbol]
    air001xx_hal_gpio.o(.ARM.exidx.text.HAL_GPIO_TogglePin) refers to air001xx_hal_gpio.o(.text.HAL_GPIO_TogglePin) for [Anonymous Symbol]
    air001xx_hal_gpio.o(.ARM.exidx.text.HAL_GPIO_LockPin) refers to air001xx_hal_gpio.o(.text.HAL_GPIO_LockPin) for [Anonymous Symbol]
    air001xx_hal_gpio.o(.ARM.exidx.text.HAL_GPIO_EXTI_Callback) refers to air001xx_hal_gpio.o(.text.HAL_GPIO_EXTI_Callback) for [Anonymous Symbol]
    air001xx_hal_gpio.o(.text.HAL_GPIO_EXTI_IRQHandler) refers to air001xx_hal_gpio.o(.text.HAL_GPIO_EXTI_Callback) for HAL_GPIO_EXTI_Callback
    air001xx_hal_gpio.o(.ARM.exidx.text.HAL_GPIO_EXTI_IRQHandler) refers to air001xx_hal_gpio.o(.text.HAL_GPIO_EXTI_IRQHandler) for [Anonymous Symbol]
    led.o(.text.led_dev_register) refers to led.o(.bss._led) for _led
    led.o(.text.led_dev_register) refers to led.o(.text.led_init) for led_init
    led.o(.text.led_dev_register) refers to led.o(.text.led_open) for led_open
    led.o(.text.led_dev_register) refers to led.o(.text.led_close) for led_close
    led.o(.text.led_dev_register) refers to led.o(.text.led_read) for led_read
    led.o(.text.led_dev_register) refers to led.o(.text.led_write) for led_write
    led.o(.ARM.exidx.text.led_dev_register) refers to led.o(.text.led_dev_register) for [Anonymous Symbol]
    led.o(.text.led_init) refers to led.o(.text.led_port_to_type) for led_port_to_type
    led.o(.text.led_init) refers to air001xx_hal_gpio.o(.text.HAL_GPIO_Init) for HAL_GPIO_Init
    led.o(.ARM.exidx.text.led_init) refers to led.o(.text.led_init) for [Anonymous Symbol]
    led.o(.ARM.exidx.text.led_open) refers to led.o(.text.led_open) for [Anonymous Symbol]
    led.o(.ARM.exidx.text.led_close) refers to led.o(.text.led_close) for [Anonymous Symbol]
    led.o(.text.led_read) refers to led.o(.text.led_port_to_type) for led_port_to_type
    led.o(.text.led_read) refers to air001xx_hal_gpio.o(.text.HAL_GPIO_ReadPin) for HAL_GPIO_ReadPin
    led.o(.ARM.exidx.text.led_read) refers to led.o(.text.led_read) for [Anonymous Symbol]
    led.o(.text.led_write) refers to led.o(.text.led_port_to_type) for led_port_to_type
    led.o(.text.led_write) refers to led.o(.text.led_state_led_to_pin) for led_state_led_to_pin
    led.o(.text.led_write) refers to air001xx_hal_gpio.o(.text.HAL_GPIO_WritePin) for HAL_GPIO_WritePin
    led.o(.ARM.exidx.text.led_write) refers to led.o(.text.led_write) for [Anonymous Symbol]
    led.o(.ARM.exidx.text.led_port_to_type) refers to led.o(.text.led_port_to_type) for [Anonymous Symbol]
    led.o(.ARM.exidx.text.led_state_led_to_pin) refers to led.o(.text.led_state_led_to_pin) for [Anonymous Symbol]
    startup_air001_dev.o(STACK) refers (Special) to heapauxi.o(.text) for __use_two_region_memory
    startup_air001_dev.o(HEAP) refers (Special) to heapauxi.o(.text) for __use_two_region_memory
    startup_air001_dev.o(RESET) refers (Special) to heapauxi.o(.text) for __use_two_region_memory
    startup_air001_dev.o(RESET) refers to startup_air001_dev.o(STACK) for __initial_sp
    startup_air001_dev.o(RESET) refers to startup_air001_dev.o(.text) for Reset_Handler
    startup_air001_dev.o(RESET) refers to air001xx_it.o(.text.NMI_Handler) for NMI_Handler
    startup_air001_dev.o(RESET) refers to air001xx_it.o(.text.HardFault_Handler) for HardFault_Handler
    startup_air001_dev.o(RESET) refers to air001xx_it.o(.text.SVC_Handler) for SVC_Handler
    startup_air001_dev.o(RESET) refers to air001xx_it.o(.text.PendSV_Handler) for PendSV_Handler
    startup_air001_dev.o(RESET) refers to air001xx_it.o(.text.SysTick_Handler) for SysTick_Handler
    startup_air001_dev.o(.text) refers (Special) to heapauxi.o(.text) for __use_two_region_memory
    startup_air001_dev.o(.text) refers to system_air001xx.o(.text.SystemInit) for SystemInit
    startup_air001_dev.o(.text) refers to __main.o(!!!main) for __main
    startup_air001_dev.o(.text) refers to startup_air001_dev.o(HEAP) for Heap_Mem
    startup_air001_dev.o(.text) refers to startup_air001_dev.o(STACK) for Stack_Mem
    system_air001xx.o(.text.SystemCoreClockUpdate) refers to aeabi_sdiv.o(.text) for __aeabi_uidiv
    system_air001xx.o(.text.SystemCoreClockUpdate) refers to system_air001xx.o(.data.SystemCoreClock) for SystemCoreClock
    system_air001xx.o(.text.SystemCoreClockUpdate) refers to system_air001xx.o(.rodata.HSIFreqTable) for HSIFreqTable
    system_air001xx.o(.text.SystemCoreClockUpdate) refers to system_air001xx.o(.rodata.AHBPrescTable) for AHBPrescTable
    system_air001xx.o(.ARM.exidx.text.SystemCoreClockUpdate) refers to system_air001xx.o(.text.SystemCoreClockUpdate) for [Anonymous Symbol]
    system_air001xx.o(.ARM.exidx.text.SystemInit) refers to system_air001xx.o(.text.SystemInit) for [Anonymous Symbol]
    system_air001xx.o(.text.$Sub$$main) refers to main.o(.text.main) for $Super$$main
    system_air001xx.o(.text.$Sub$$main) refers to system_air001xx.o(.ARM.__at_0x20000000) for VECT_SRAM_TAB
    system_air001xx.o(.ARM.exidx.text.$Sub$$main) refers to system_air001xx.o(.text.$Sub$$main) for [Anonymous Symbol]
    __main.o(!!!main) refers to __rtentry.o(.ARM.Collect$$rtentry$$00000000) for __rt_entry
    __rtentry.o(.ARM.Collect$$rtentry$$00000000) refers (Special) to __rtentry2.o(.ARM.Collect$$rtentry$$0000000A) for __rt_entry_li
    __rtentry.o(.ARM.Collect$$rtentry$$00000000) refers (Special) to __rtentry2.o(.ARM.Collect$$rtentry$$0000000D) for __rt_entry_main
    __rtentry.o(.ARM.Collect$$rtentry$$00000000) refers (Special) to __rtentry2.o(.ARM.Collect$$rtentry$$0000000C) for __rt_entry_postli_1
    __rtentry.o(.ARM.Collect$$rtentry$$00000000) refers (Special) to __rtentry2.o(.ARM.Collect$$rtentry$$00000009) for __rt_entry_postsh_1
    __rtentry.o(.ARM.Collect$$rtentry$$00000000) refers (Special) to __rtentry2.o(.ARM.Collect$$rtentry$$00000002) for __rt_entry_presh_1
    __rtentry.o(.ARM.Collect$$rtentry$$00000000) refers (Special) to __rtentry4.o(.ARM.Collect$$rtentry$$00000004) for __rt_entry_sh
    aeabi_idiv0_sigfpe.o(.text) refers to rt_div0.o(.text) for __rt_div0
    __rtentry2.o(.ARM.Collect$$rtentry$$00000008) refers to boardinit2.o(.text) for _platform_post_stackheap_init
    __rtentry2.o(.ARM.Collect$$rtentry$$0000000A) refers to libinit.o(.ARM.Collect$$libinit$$00000000) for __rt_lib_init
    __rtentry2.o(.ARM.Collect$$rtentry$$0000000B) refers to boardinit3.o(.text) for _platform_post_lib_init
    __rtentry2.o(.ARM.Collect$$rtentry$$0000000D) refers to system_air001xx.o(.text.$Sub$$main) for main
    __rtentry2.o(.ARM.Collect$$rtentry$$0000000D) refers to exit.o(.text) for exit
    __rtentry2.o(.ARM.exidx) refers to __rtentry2.o(.ARM.Collect$$rtentry$$00000001) for .ARM.Collect$$rtentry$$00000001
    __rtentry2.o(.ARM.exidx) refers to __rtentry2.o(.ARM.Collect$$rtentry$$00000008) for .ARM.Collect$$rtentry$$00000008
    __rtentry2.o(.ARM.exidx) refers to __rtentry2.o(.ARM.Collect$$rtentry$$0000000A) for .ARM.Collect$$rtentry$$0000000A
    __rtentry2.o(.ARM.exidx) refers to __rtentry2.o(.ARM.Collect$$rtentry$$0000000B) for .ARM.Collect$$rtentry$$0000000B
    __rtentry2.o(.ARM.exidx) refers to __rtentry2.o(.ARM.Collect$$rtentry$$0000000D) for .ARM.Collect$$rtentry$$0000000D
    __rtentry4.o(.ARM.Collect$$rtentry$$00000004) refers to sys_stackheap_outer.o(.text) for __user_setup_stackheap
    __rtentry4.o(.ARM.exidx) refers to __rtentry4.o(.ARM.Collect$$rtentry$$00000004) for .ARM.Collect$$rtentry$$00000004
    rt_div0.o(.text) refers to defsig_fpe_outer.o(.text) for __rt_SIGFPE
    sys_stackheap_outer.o(.text) refers to libspace.o(.text) for __user_perproc_libspace
    sys_stackheap_outer.o(.text) refers to startup_air001_dev.o(.text) for __user_initial_stackheap
    sys_stackheap_outer.o(__vectab_stack_and_reset_area) refers to tempstk.o(.text) for __temporary_stack_top
    sys_stackheap_outer.o(__vectab_stack_and_reset_area) refers to __main.o(!!!main) for __main
    exit.o(.text) refers to rtexit.o(.ARM.Collect$$rtexit$$00000000) for __rt_exit
    defsig_fpe_outer.o(.text) refers to defsig_fpe_inner.o(.text) for __rt_SIGFPE_inner
    defsig_fpe_outer.o(.text) refers to defsig_exit.o(.text) for __sig_exit
    defsig_fpe_formal.o(.text) refers to rt_raise.o(.text) for __rt_raise
    libinit.o(.ARM.Collect$$libinit$$00000000) refers (Special) to libinit2.o(.ARM.Collect$$libinit$$00000030) for __rt_lib_init_alloca_1
    libinit.o(.ARM.Collect$$libinit$$00000000) refers (Special) to libinit2.o(.ARM.Collect$$libinit$$0000002E) for __rt_lib_init_argv_1
    libinit.o(.ARM.Collect$$libinit$$00000000) refers (Special) to libinit2.o(.ARM.Collect$$libinit$$0000001D) for __rt_lib_init_atexit_1
    libinit.o(.ARM.Collect$$libinit$$00000000) refers (Special) to libinit2.o(.ARM.Collect$$libinit$$00000023) for __rt_lib_init_clock_1
    libinit.o(.ARM.Collect$$libinit$$00000000) refers (Special) to libinit2.o(.ARM.Collect$$libinit$$00000034) for __rt_lib_init_cpp_1
    libinit.o(.ARM.Collect$$libinit$$00000000) refers (Special) to libinit2.o(.ARM.Collect$$libinit$$00000032) for __rt_lib_init_exceptions_1
    libinit.o(.ARM.Collect$$libinit$$00000000) refers (Special) to libinit2.o(.ARM.Collect$$libinit$$00000002) for __rt_lib_init_fp_1
    libinit.o(.ARM.Collect$$libinit$$00000000) refers (Special) to libinit2.o(.ARM.Collect$$libinit$$00000021) for __rt_lib_init_fp_trap_1
    libinit.o(.ARM.Collect$$libinit$$00000000) refers (Special) to libinit2.o(.ARM.Collect$$libinit$$00000025) for __rt_lib_init_getenv_1
    libinit.o(.ARM.Collect$$libinit$$00000000) refers (Special) to libinit2.o(.ARM.Collect$$libinit$$0000000C) for __rt_lib_init_heap_1
    libinit.o(.ARM.Collect$$libinit$$00000000) refers (Special) to libinit2.o(.ARM.Collect$$libinit$$00000013) for __rt_lib_init_lc_collate_1
    libinit.o(.ARM.Collect$$libinit$$00000000) refers (Special) to libinit2.o(.ARM.Collect$$libinit$$00000015) for __rt_lib_init_lc_ctype_1
    libinit.o(.ARM.Collect$$libinit$$00000000) refers (Special) to libinit2.o(.ARM.Collect$$libinit$$00000017) for __rt_lib_init_lc_monetary_1
    libinit.o(.ARM.Collect$$libinit$$00000000) refers (Special) to libinit2.o(.ARM.Collect$$libinit$$00000019) for __rt_lib_init_lc_numeric_1
    libinit.o(.ARM.Collect$$libinit$$00000000) refers (Special) to libinit2.o(.ARM.Collect$$libinit$$0000001B) for __rt_lib_init_lc_time_1
    libinit.o(.ARM.Collect$$libinit$$00000000) refers (Special) to libinit2.o(.ARM.Collect$$libinit$$00000006) for __rt_lib_init_preinit_1
    libinit.o(.ARM.Collect$$libinit$$00000000) refers (Special) to libinit2.o(.ARM.Collect$$libinit$$00000010) for __rt_lib_init_rand_1
    libinit.o(.ARM.Collect$$libinit$$00000000) refers (Special) to libinit2.o(.ARM.Collect$$libinit$$00000004) for __rt_lib_init_relocate_pie_1
    libinit.o(.ARM.Collect$$libinit$$00000000) refers (Special) to libinit2.o(.ARM.Collect$$libinit$$00000035) for __rt_lib_init_return
    libinit.o(.ARM.Collect$$libinit$$00000000) refers (Special) to libinit2.o(.ARM.Collect$$libinit$$0000001F) for __rt_lib_init_signal_1
    libinit.o(.ARM.Collect$$libinit$$00000000) refers (Special) to libinit2.o(.ARM.Collect$$libinit$$00000027) for __rt_lib_init_stdio_1
    libinit.o(.ARM.Collect$$libinit$$00000000) refers (Special) to libinit2.o(.ARM.Collect$$libinit$$0000000E) for __rt_lib_init_user_alloc_1
    libspace.o(.text) refers to libspace.o(.bss) for __libspace_start
    rtexit.o(.ARM.Collect$$rtexit$$00000000) refers (Special) to rtexit2.o(.ARM.Collect$$rtexit$$00000004) for __rt_exit_exit
    rtexit.o(.ARM.Collect$$rtexit$$00000000) refers (Special) to rtexit2.o(.ARM.Collect$$rtexit$$00000003) for __rt_exit_ls
    rtexit.o(.ARM.Collect$$rtexit$$00000000) refers (Special) to rtexit2.o(.ARM.Collect$$rtexit$$00000002) for __rt_exit_prels_1
    rtexit.o(.ARM.exidx) refers (Special) to rtexit2.o(.ARM.Collect$$rtexit$$00000004) for __rt_exit_exit
    rtexit.o(.ARM.exidx) refers (Special) to rtexit2.o(.ARM.Collect$$rtexit$$00000003) for __rt_exit_ls
    rtexit.o(.ARM.exidx) refers (Special) to rtexit2.o(.ARM.Collect$$rtexit$$00000002) for __rt_exit_prels_1
    rtexit.o(.ARM.exidx) refers to rtexit.o(.ARM.Collect$$rtexit$$00000000) for .ARM.Collect$$rtexit$$00000000
    rt_raise.o(.text) refers to __raise.o(.text) for __raise
    rt_raise.o(.text) refers to sys_exit.o(.text) for _sys_exit
    defsig_exit.o(.text) refers to sys_exit.o(.text) for _sys_exit
    defsig_fpe_inner.o(.text) refers to defsig_general.o(.text) for __default_signal_display
    libinit2.o(.ARM.Collect$$libinit$$00000012) refers to libinit2.o(.ARM.Collect$$libinit$$00000011) for .ARM.Collect$$libinit$$00000011
    libinit2.o(.ARM.Collect$$libinit$$00000014) refers to libinit2.o(.ARM.Collect$$libinit$$00000011) for .ARM.Collect$$libinit$$00000011
    libinit2.o(.ARM.Collect$$libinit$$00000016) refers to libinit2.o(.ARM.Collect$$libinit$$00000011) for .ARM.Collect$$libinit$$00000011
    libinit2.o(.ARM.Collect$$libinit$$00000018) refers to libinit2.o(.ARM.Collect$$libinit$$00000011) for .ARM.Collect$$libinit$$00000011
    libinit2.o(.ARM.Collect$$libinit$$0000001A) refers to libinit2.o(.ARM.Collect$$libinit$$00000011) for .ARM.Collect$$libinit$$00000011
    libinit2.o(.ARM.Collect$$libinit$$00000028) refers to argv_veneer.o(.text) for __ARM_argv_veneer
    libinit2.o(.ARM.Collect$$libinit$$00000029) refers to argv_veneer.o(.text) for __ARM_argv_veneer
    sys_exit.o(.text) refers (Special) to use_no_semi.o(.text) for __I$use$semihosting
    sys_exit.o(.text) refers (Special) to indicate_semi.o(.text) for __semihosting_library_function
    sys_exit_hlt.o(.text) refers (Special) to use_no_semi.o(.text) for __I$use$semihosting
    sys_exit_hlt.o(.text) refers (Special) to indicate_semi.o(.text) for __semihosting_library_function
    rtexit2.o(.ARM.Collect$$rtexit$$00000003) refers to libshutdown.o(.ARM.Collect$$libshutdown$$00000000) for __rt_lib_shutdown
    rtexit2.o(.ARM.Collect$$rtexit$$00000004) refers to sys_exit.o(.text) for _sys_exit
    rtexit2.o(.ARM.exidx) refers to rtexit2.o(.ARM.Collect$$rtexit$$00000001) for .ARM.Collect$$rtexit$$00000001
    rtexit2.o(.ARM.exidx) refers to rtexit2.o(.ARM.Collect$$rtexit$$00000003) for .ARM.Collect$$rtexit$$00000003
    rtexit2.o(.ARM.exidx) refers to rtexit2.o(.ARM.Collect$$rtexit$$00000004) for .ARM.Collect$$rtexit$$00000004
    __raise.o(.text) refers to defsig.o(CL$$defsig) for __default_signal_handler
    defsig_general.o(.text) refers to sys_wrch.o(.text) for _ttywrch
    sys_wrch.o(.text) refers (Special) to use_no_semi.o(.text) for __I$use$semihosting
    sys_wrch.o(.text) refers (Special) to indicate_semi.o(.text) for __semihosting_library_function
    sys_wrch_hlt.o(.text) refers (Special) to use_no_semi.o(.text) for __I$use$semihosting
    sys_wrch_hlt.o(.text) refers (Special) to indicate_semi.o(.text) for __semihosting_library_function
    defsig.o(CL$$defsig) refers to defsig_fpe_inner.o(.text) for __rt_SIGFPE_inner
    defsig.o(CL$$defsig) refers to defsig_rtmem_inner.o(.text) for __rt_SIGRTMEM_inner
    _get_argv_nomalloc.o(.text) refers (Special) to hrguard.o(.text) for __heap_region$guard
    _get_argv_nomalloc.o(.text) refers to defsig_rtmem_outer.o(.text) for __rt_SIGRTMEM
    _get_argv_nomalloc.o(.text) refers to sys_command.o(.text) for _sys_command_string
    libshutdown.o(.ARM.Collect$$libshutdown$$00000000) refers (Special) to libshutdown2.o(.ARM.Collect$$libshutdown$$00000002) for __rt_lib_shutdown_cpp_1
    libshutdown.o(.ARM.Collect$$libshutdown$$00000000) refers (Special) to libshutdown2.o(.ARM.Collect$$libshutdown$$00000007) for __rt_lib_shutdown_fp_trap_1
    libshutdown.o(.ARM.Collect$$libshutdown$$00000000) refers (Special) to libshutdown2.o(.ARM.Collect$$libshutdown$$0000000F) for __rt_lib_shutdown_heap_1
    libshutdown.o(.ARM.Collect$$libshutdown$$00000000) refers (Special) to libshutdown2.o(.ARM.Collect$$libshutdown$$00000010) for __rt_lib_shutdown_return
    libshutdown.o(.ARM.Collect$$libshutdown$$00000000) refers (Special) to libshutdown2.o(.ARM.Collect$$libshutdown$$0000000A) for __rt_lib_shutdown_signal_1
    libshutdown.o(.ARM.Collect$$libshutdown$$00000000) refers (Special) to libshutdown2.o(.ARM.Collect$$libshutdown$$00000004) for __rt_lib_shutdown_stdio_1
    libshutdown.o(.ARM.Collect$$libshutdown$$00000000) refers (Special) to libshutdown2.o(.ARM.Collect$$libshutdown$$0000000C) for __rt_lib_shutdown_user_alloc_1
    sys_command.o(.text) refers (Special) to use_no_semi.o(.text) for __I$use$semihosting
    sys_command.o(.text) refers (Special) to indicate_semi.o(.text) for __semihosting_library_function
    sys_command_hlt.o(.text) refers (Special) to use_no_semi.o(.text) for __I$use$semihosting
    sys_command_hlt.o(.text) refers (Special) to indicate_semi.o(.text) for __semihosting_library_function
    defsig_abrt_inner.o(.text) refers to defsig_general.o(.text) for __default_signal_display
    defsig_rtred_inner.o(.text) refers to defsig_general.o(.text) for __default_signal_display
    defsig_rtmem_inner.o(.text) refers to defsig_general.o(.text) for __default_signal_display
    defsig_rtmem_outer.o(.text) refers to defsig_rtmem_inner.o(.text) for __rt_SIGRTMEM_inner
    defsig_rtmem_outer.o(.text) refers to defsig_exit.o(.text) for __sig_exit
    defsig_rtmem_formal.o(.text) refers to rt_raise.o(.text) for __rt_raise
    defsig_stak_inner.o(.text) refers to defsig_general.o(.text) for __default_signal_display
    defsig_pvfn_inner.o(.text) refers to defsig_general.o(.text) for __default_signal_display
    defsig_cppl_inner.o(.text) refers to defsig_general.o(.text) for __default_signal_display
    defsig_segv_inner.o(.text) refers to defsig_general.o(.text) for __default_signal_display
    defsig_other.o(.text) refers to defsig_general.o(.text) for __default_signal_display


==============================================================================

Removing Unused input sections from the image.

    Removing main.o(.text), (0 bytes).
    Removing main.o(.ARM.exidx.text.main), (8 bytes).
    Removing main.o(.ARM.use_no_argv), (4 bytes).
    Removing air001xx_it.o(.text), (0 bytes).
    Removing air001xx_it.o(.ARM.exidx.text.NMI_Handler), (8 bytes).
    Removing air001xx_it.o(.ARM.exidx.text.HardFault_Handler), (8 bytes).
    Removing air001xx_it.o(.ARM.exidx.text.SVC_Handler), (8 bytes).
    Removing air001xx_it.o(.ARM.exidx.text.PendSV_Handler), (8 bytes).
    Removing air001xx_it.o(.ARM.exidx.text.SysTick_Handler), (8 bytes).
    Removing air001xx_hal.o(.text), (0 bytes).
    Removing air001xx_hal.o(.ARM.exidx.text.HAL_Init), (8 bytes).
    Removing air001xx_hal.o(.ARM.exidx.text.HAL_InitTick), (8 bytes).
    Removing air001xx_hal.o(.ARM.exidx.text.HAL_MspInit), (8 bytes).
    Removing air001xx_hal.o(.text.HAL_DeInit), (60 bytes).
    Removing air001xx_hal.o(.ARM.exidx.text.HAL_DeInit), (8 bytes).
    Removing air001xx_hal.o(.text.HAL_MspDeInit), (2 bytes).
    Removing air001xx_hal.o(.ARM.exidx.text.HAL_MspDeInit), (8 bytes).
    Removing air001xx_hal.o(.ARM.exidx.text.HAL_IncTick), (8 bytes).
    Removing air001xx_hal.o(.ARM.exidx.text.HAL_GetTick), (8 bytes).
    Removing air001xx_hal.o(.text.HAL_GetTickPrio), (12 bytes).
    Removing air001xx_hal.o(.ARM.exidx.text.HAL_GetTickPrio), (8 bytes).
    Removing air001xx_hal.o(.text.HAL_SetTickFreq), (72 bytes).
    Removing air001xx_hal.o(.ARM.exidx.text.HAL_SetTickFreq), (8 bytes).
    Removing air001xx_hal.o(.text.HAL_GetTickFreq), (12 bytes).
    Removing air001xx_hal.o(.ARM.exidx.text.HAL_GetTickFreq), (8 bytes).
    Removing air001xx_hal.o(.ARM.exidx.text.HAL_Delay), (8 bytes).
    Removing air001xx_hal.o(.text.HAL_SuspendTick), (16 bytes).
    Removing air001xx_hal.o(.ARM.exidx.text.HAL_SuspendTick), (8 bytes).
    Removing air001xx_hal.o(.text.HAL_ResumeTick), (16 bytes).
    Removing air001xx_hal.o(.ARM.exidx.text.HAL_ResumeTick), (8 bytes).
    Removing air001xx_hal.o(.text.HAL_GetHalVersion), (8 bytes).
    Removing air001xx_hal.o(.ARM.exidx.text.HAL_GetHalVersion), (8 bytes).
    Removing air001xx_hal.o(.text.HAL_GetREVID), (12 bytes).
    Removing air001xx_hal.o(.ARM.exidx.text.HAL_GetREVID), (8 bytes).
    Removing air001xx_hal.o(.text.HAL_GetDEVID), (20 bytes).
    Removing air001xx_hal.o(.ARM.exidx.text.HAL_GetDEVID), (8 bytes).
    Removing air001xx_hal.o(.text.HAL_GetUIDw0), (12 bytes).
    Removing air001xx_hal.o(.ARM.exidx.text.HAL_GetUIDw0), (8 bytes).
    Removing air001xx_hal.o(.text.HAL_GetUIDw1), (12 bytes).
    Removing air001xx_hal.o(.ARM.exidx.text.HAL_GetUIDw1), (8 bytes).
    Removing air001xx_hal.o(.text.HAL_GetUIDw2), (12 bytes).
    Removing air001xx_hal.o(.ARM.exidx.text.HAL_GetUIDw2), (8 bytes).
    Removing air001xx_hal.o(.text.HAL_DBGMCU_EnableDBGMCUStopMode), (16 bytes).
    Removing air001xx_hal.o(.ARM.exidx.text.HAL_DBGMCU_EnableDBGMCUStopMode), (8 bytes).
    Removing air001xx_hal.o(.text.HAL_DBGMCU_DisableDBGMCUStopMode), (16 bytes).
    Removing air001xx_hal.o(.ARM.exidx.text.HAL_DBGMCU_DisableDBGMCUStopMode), (8 bytes).
    Removing air001xx_hal.o(.text.HAL_SYSCFG_DMA_Req), (24 bytes).
    Removing air001xx_hal.o(.ARM.exidx.text.HAL_SYSCFG_DMA_Req), (8 bytes).
    Removing air001xx_hal_rcc.o(.text), (0 bytes).
    Removing air001xx_hal_rcc.o(.text.HAL_RCC_DeInit), (280 bytes).
    Removing air001xx_hal_rcc.o(.ARM.exidx.text.HAL_RCC_DeInit), (8 bytes).
    Removing air001xx_hal_rcc.o(.text.HAL_RCC_OscConfig), (1812 bytes).
    Removing air001xx_hal_rcc.o(.ARM.exidx.text.HAL_RCC_OscConfig), (8 bytes).
    Removing air001xx_hal_rcc.o(.text.HAL_RCC_GetSysClockFreq), (300 bytes).
    Removing air001xx_hal_rcc.o(.ARM.exidx.text.HAL_RCC_GetSysClockFreq), (8 bytes).
    Removing air001xx_hal_rcc.o(.text.RCC_GetHSIFreq), (36 bytes).
    Removing air001xx_hal_rcc.o(.ARM.exidx.text.RCC_GetHSIFreq), (8 bytes).
    Removing air001xx_hal_rcc.o(.text.HAL_RCC_ClockConfig), (608 bytes).
    Removing air001xx_hal_rcc.o(.ARM.exidx.text.HAL_RCC_ClockConfig), (8 bytes).
    Removing air001xx_hal_rcc.o(.text.HAL_RCC_MCOConfig), (408 bytes).
    Removing air001xx_hal_rcc.o(.ARM.exidx.text.HAL_RCC_MCOConfig), (8 bytes).
    Removing air001xx_hal_rcc.o(.text.HAL_RCC_GetHCLKFreq), (12 bytes).
    Removing air001xx_hal_rcc.o(.ARM.exidx.text.HAL_RCC_GetHCLKFreq), (8 bytes).
    Removing air001xx_hal_rcc.o(.text.HAL_RCC_GetPCLK1Freq), (40 bytes).
    Removing air001xx_hal_rcc.o(.ARM.exidx.text.HAL_RCC_GetPCLK1Freq), (8 bytes).
    Removing air001xx_hal_rcc.o(.text.HAL_RCC_GetOscConfig), (292 bytes).
    Removing air001xx_hal_rcc.o(.ARM.exidx.text.HAL_RCC_GetOscConfig), (8 bytes).
    Removing air001xx_hal_rcc.o(.text.HAL_RCC_GetClockConfig), (68 bytes).
    Removing air001xx_hal_rcc.o(.ARM.exidx.text.HAL_RCC_GetClockConfig), (8 bytes).
    Removing air001xx_hal_rcc.o(.text.HAL_RCC_EnableCSS), (20 bytes).
    Removing air001xx_hal_rcc.o(.ARM.exidx.text.HAL_RCC_EnableCSS), (8 bytes).
    Removing air001xx_hal_rcc.o(.text.HAL_RCC_EnableLSECSS), (16 bytes).
    Removing air001xx_hal_rcc.o(.ARM.exidx.text.HAL_RCC_EnableLSECSS), (8 bytes).
    Removing air001xx_hal_rcc.o(.text.HAL_RCC_DisableLSECSS), (16 bytes).
    Removing air001xx_hal_rcc.o(.ARM.exidx.text.HAL_RCC_DisableLSECSS), (8 bytes).
    Removing air001xx_hal_rcc.o(.text.HAL_RCC_NMI_IRQHandler), (72 bytes).
    Removing air001xx_hal_rcc.o(.ARM.exidx.text.HAL_RCC_NMI_IRQHandler), (8 bytes).
    Removing air001xx_hal_rcc.o(.text.HAL_RCC_CSSCallback), (2 bytes).
    Removing air001xx_hal_rcc.o(.ARM.exidx.text.HAL_RCC_CSSCallback), (8 bytes).
    Removing air001xx_hal_rcc.o(.text.HAL_RCC_LSECSSCallback), (2 bytes).
    Removing air001xx_hal_rcc.o(.ARM.exidx.text.HAL_RCC_LSECSSCallback), (8 bytes).
    Removing air001xx_hal_rcc.o(.rodata..L__const.HAL_RCC_GetSysClockFreq.hsiValue), (20 bytes).
    Removing air001xx_hal_rcc_ex.o(.text), (0 bytes).
    Removing air001xx_hal_rcc_ex.o(.text.HAL_RCCEx_PeriphCLKConfig), (484 bytes).
    Removing air001xx_hal_rcc_ex.o(.ARM.exidx.text.HAL_RCCEx_PeriphCLKConfig), (8 bytes).
    Removing air001xx_hal_rcc_ex.o(.text.HAL_RCCEx_GetPeriphCLKConfig), (84 bytes).
    Removing air001xx_hal_rcc_ex.o(.ARM.exidx.text.HAL_RCCEx_GetPeriphCLKConfig), (8 bytes).
    Removing air001xx_hal_rcc_ex.o(.text.HAL_RCCEx_GetPeriphCLKFreq), (740 bytes).
    Removing air001xx_hal_rcc_ex.o(.ARM.exidx.text.HAL_RCCEx_GetPeriphCLKFreq), (8 bytes).
    Removing air001xx_hal_rcc_ex.o(.text.HAL_RCCEx_EnableLSCO), (228 bytes).
    Removing air001xx_hal_rcc_ex.o(.ARM.exidx.text.HAL_RCCEx_EnableLSCO), (8 bytes).
    Removing air001xx_hal_rcc_ex.o(.text.HAL_RCCEx_DisableLSCO), (152 bytes).
    Removing air001xx_hal_rcc_ex.o(.ARM.exidx.text.HAL_RCCEx_DisableLSCO), (8 bytes).
    Removing air001xx_hal_pwr.o(.text), (0 bytes).
    Removing air001xx_hal_pwr.o(.text.HAL_PWR_DeInit), (24 bytes).
    Removing air001xx_hal_pwr.o(.ARM.exidx.text.HAL_PWR_DeInit), (8 bytes).
    Removing air001xx_hal_pwr.o(.text.HAL_PWR_EnableBkUpAccess), (20 bytes).
    Removing air001xx_hal_pwr.o(.ARM.exidx.text.HAL_PWR_EnableBkUpAccess), (8 bytes).
    Removing air001xx_hal_pwr.o(.text.HAL_PWR_DisableBkUpAccess), (20 bytes).
    Removing air001xx_hal_pwr.o(.ARM.exidx.text.HAL_PWR_DisableBkUpAccess), (8 bytes).
    Removing air001xx_hal_pwr.o(.text.HAL_PWR_ConfigPVD), (204 bytes).
    Removing air001xx_hal_pwr.o(.ARM.exidx.text.HAL_PWR_ConfigPVD), (8 bytes).
    Removing air001xx_hal_pwr.o(.text.HAL_PWR_EnablePVD), (16 bytes).
    Removing air001xx_hal_pwr.o(.ARM.exidx.text.HAL_PWR_EnablePVD), (8 bytes).
    Removing air001xx_hal_pwr.o(.text.HAL_PWR_DisablePVD), (16 bytes).
    Removing air001xx_hal_pwr.o(.ARM.exidx.text.HAL_PWR_DisablePVD), (8 bytes).
    Removing air001xx_hal_pwr.o(.text.HAL_PWR_ConfigStopMode), (48 bytes).
    Removing air001xx_hal_pwr.o(.ARM.exidx.text.HAL_PWR_ConfigStopMode), (8 bytes).
    Removing air001xx_hal_pwr.o(.text.HAL_PWR_ConfigBIAS), (68 bytes).
    Removing air001xx_hal_pwr.o(.ARM.exidx.text.HAL_PWR_ConfigBIAS), (8 bytes).
    Removing air001xx_hal_pwr.o(.text.HAL_PWR_EnterSLEEPMode), (48 bytes).
    Removing air001xx_hal_pwr.o(.ARM.exidx.text.HAL_PWR_EnterSLEEPMode), (8 bytes).
    Removing air001xx_hal_pwr.o(.text.HAL_PWR_EnterSTOPMode), (100 bytes).
    Removing air001xx_hal_pwr.o(.ARM.exidx.text.HAL_PWR_EnterSTOPMode), (8 bytes).
    Removing air001xx_hal_pwr.o(.text.HAL_PWR_EnableSleepOnExit), (16 bytes).
    Removing air001xx_hal_pwr.o(.ARM.exidx.text.HAL_PWR_EnableSleepOnExit), (8 bytes).
    Removing air001xx_hal_pwr.o(.text.HAL_PWR_DisableSleepOnExit), (16 bytes).
    Removing air001xx_hal_pwr.o(.ARM.exidx.text.HAL_PWR_DisableSleepOnExit), (8 bytes).
    Removing air001xx_hal_pwr.o(.text.HAL_PWR_EnableSEVOnPend), (16 bytes).
    Removing air001xx_hal_pwr.o(.ARM.exidx.text.HAL_PWR_EnableSEVOnPend), (8 bytes).
    Removing air001xx_hal_pwr.o(.text.HAL_PWR_DisableSEVOnPend), (16 bytes).
    Removing air001xx_hal_pwr.o(.ARM.exidx.text.HAL_PWR_DisableSEVOnPend), (8 bytes).
    Removing air001xx_hal_pwr.o(.text.HAL_PWR_PVD_IRQHandler), (36 bytes).
    Removing air001xx_hal_pwr.o(.ARM.exidx.text.HAL_PWR_PVD_IRQHandler), (8 bytes).
    Removing air001xx_hal_pwr.o(.text.HAL_PWR_PVD_Callback), (2 bytes).
    Removing air001xx_hal_pwr.o(.ARM.exidx.text.HAL_PWR_PVD_Callback), (8 bytes).
    Removing air001xx_hal_pwr_ex.o(.text), (0 bytes).
    Removing air001xx_hal_cortex.o(.text), (0 bytes).
    Removing air001xx_hal_cortex.o(.ARM.exidx.text.HAL_NVIC_SetPriority), (8 bytes).
    Removing air001xx_hal_cortex.o(.ARM.exidx.text.__NVIC_SetPriority), (8 bytes).
    Removing air001xx_hal_cortex.o(.text.HAL_NVIC_EnableIRQ), (22 bytes).
    Removing air001xx_hal_cortex.o(.ARM.exidx.text.HAL_NVIC_EnableIRQ), (8 bytes).
    Removing air001xx_hal_cortex.o(.text.__NVIC_EnableIRQ), (44 bytes).
    Removing air001xx_hal_cortex.o(.ARM.exidx.text.__NVIC_EnableIRQ), (8 bytes).
    Removing air001xx_hal_cortex.o(.text.HAL_NVIC_DisableIRQ), (22 bytes).
    Removing air001xx_hal_cortex.o(.ARM.exidx.text.HAL_NVIC_DisableIRQ), (8 bytes).
    Removing air001xx_hal_cortex.o(.text.__NVIC_DisableIRQ), (52 bytes).
    Removing air001xx_hal_cortex.o(.ARM.exidx.text.__NVIC_DisableIRQ), (8 bytes).
    Removing air001xx_hal_cortex.o(.text.HAL_NVIC_SystemReset), (4 bytes).
    Removing air001xx_hal_cortex.o(.ARM.exidx.text.HAL_NVIC_SystemReset), (8 bytes).
    Removing air001xx_hal_cortex.o(.text.__NVIC_SystemReset), (28 bytes).
    Removing air001xx_hal_cortex.o(.ARM.exidx.text.__NVIC_SystemReset), (8 bytes).
    Removing air001xx_hal_cortex.o(.ARM.exidx.text.HAL_SYSTICK_Config), (8 bytes).
    Removing air001xx_hal_cortex.o(.ARM.exidx.text.SysTick_Config), (8 bytes).
    Removing air001xx_hal_cortex.o(.text.HAL_NVIC_GetPriority), (22 bytes).
    Removing air001xx_hal_cortex.o(.ARM.exidx.text.HAL_NVIC_GetPriority), (8 bytes).
    Removing air001xx_hal_cortex.o(.text.__NVIC_GetPriority), (96 bytes).
    Removing air001xx_hal_cortex.o(.ARM.exidx.text.__NVIC_GetPriority), (8 bytes).
    Removing air001xx_hal_cortex.o(.text.HAL_NVIC_SetPendingIRQ), (22 bytes).
    Removing air001xx_hal_cortex.o(.ARM.exidx.text.HAL_NVIC_SetPendingIRQ), (8 bytes).
    Removing air001xx_hal_cortex.o(.text.__NVIC_SetPendingIRQ), (44 bytes).
    Removing air001xx_hal_cortex.o(.ARM.exidx.text.__NVIC_SetPendingIRQ), (8 bytes).
    Removing air001xx_hal_cortex.o(.text.HAL_NVIC_GetPendingIRQ), (22 bytes).
    Removing air001xx_hal_cortex.o(.ARM.exidx.text.HAL_NVIC_GetPendingIRQ), (8 bytes).
    Removing air001xx_hal_cortex.o(.text.__NVIC_GetPendingIRQ), (56 bytes).
    Removing air001xx_hal_cortex.o(.ARM.exidx.text.__NVIC_GetPendingIRQ), (8 bytes).
    Removing air001xx_hal_cortex.o(.text.HAL_NVIC_ClearPendingIRQ), (22 bytes).
    Removing air001xx_hal_cortex.o(.ARM.exidx.text.HAL_NVIC_ClearPendingIRQ), (8 bytes).
    Removing air001xx_hal_cortex.o(.text.__NVIC_ClearPendingIRQ), (44 bytes).
    Removing air001xx_hal_cortex.o(.ARM.exidx.text.__NVIC_ClearPendingIRQ), (8 bytes).
    Removing air001xx_hal_cortex.o(.text.HAL_SYSTICK_CLKSourceConfig), (44 bytes).
    Removing air001xx_hal_cortex.o(.ARM.exidx.text.HAL_SYSTICK_CLKSourceConfig), (8 bytes).
    Removing air001xx_hal_cortex.o(.text.HAL_SYSTICK_IRQHandler), (8 bytes).
    Removing air001xx_hal_cortex.o(.ARM.exidx.text.HAL_SYSTICK_IRQHandler), (8 bytes).
    Removing air001xx_hal_cortex.o(.text.HAL_SYSTICK_Callback), (2 bytes).
    Removing air001xx_hal_cortex.o(.ARM.exidx.text.HAL_SYSTICK_Callback), (8 bytes).
    Removing air001xx_hal_flash.o(.text), (0 bytes).
    Removing air001xx_hal_flash.o(.text.HAL_FLASH_Unlock), (76 bytes).
    Removing air001xx_hal_flash.o(.ARM.exidx.text.HAL_FLASH_Unlock), (8 bytes).
    Removing air001xx_hal_flash.o(.text.HAL_FLASH_Lock), (48 bytes).
    Removing air001xx_hal_flash.o(.ARM.exidx.text.HAL_FLASH_Lock), (8 bytes).
    Removing air001xx_hal_flash.o(.text.HAL_FLASH_OB_Unlock), (76 bytes).
    Removing air001xx_hal_flash.o(.ARM.exidx.text.HAL_FLASH_OB_Unlock), (8 bytes).
    Removing air001xx_hal_flash.o(.text.HAL_FLASH_OB_Lock), (48 bytes).
    Removing air001xx_hal_flash.o(.ARM.exidx.text.HAL_FLASH_OB_Lock), (8 bytes).
    Removing air001xx_hal_flash.o(.text.HAL_FLASH_OB_Launch), (20 bytes).
    Removing air001xx_hal_flash.o(.ARM.exidx.text.HAL_FLASH_OB_Launch), (8 bytes).
    Removing air001xx_hal_flash.o(.text.HAL_FLASH_GetError), (12 bytes).
    Removing air001xx_hal_flash.o(.ARM.exidx.text.HAL_FLASH_GetError), (8 bytes).
    Removing air001xx_hal_flash.o(.text.FLASH_WaitForLastOperation), (88 bytes).
    Removing air001xx_hal_flash.o(.ARM.exidx.text.FLASH_WaitForLastOperation), (8 bytes).
    Removing air001xx_hal_flash.o(.text.HAL_FLASH_Erase), (792 bytes).
    Removing air001xx_hal_flash.o(.ARM.exidx.text.HAL_FLASH_Erase), (8 bytes).
    Removing air001xx_hal_flash.o(.text.FLASH_MassErase), (40 bytes).
    Removing air001xx_hal_flash.o(.ARM.exidx.text.FLASH_MassErase), (8 bytes).
    Removing air001xx_hal_flash.o(.text.FLASH_PageErase), (40 bytes).
    Removing air001xx_hal_flash.o(.ARM.exidx.text.FLASH_PageErase), (8 bytes).
    Removing air001xx_hal_flash.o(.text.FLASH_SectorErase), (32 bytes).
    Removing air001xx_hal_flash.o(.ARM.exidx.text.FLASH_SectorErase), (8 bytes).
    Removing air001xx_hal_flash.o(.text.HAL_FLASH_Erase_IT), (624 bytes).
    Removing air001xx_hal_flash.o(.ARM.exidx.text.HAL_FLASH_Erase_IT), (8 bytes).
    Removing air001xx_hal_flash.o(.text.HAL_FLASH_PageProgram), (22 bytes).
    Removing air001xx_hal_flash.o(.ARM.exidx.text.HAL_FLASH_PageProgram), (8 bytes).
    Removing air001xx_hal_flash.o(.text.HAL_FLASH_Program), (584 bytes).
    Removing air001xx_hal_flash.o(.ARM.exidx.text.HAL_FLASH_Program), (8 bytes).
    Removing air001xx_hal_flash.o(.RamFunc), (124 bytes).
    Removing air001xx_hal_flash.o(.ARM.exidx.RamFunc), (8 bytes).
    Removing air001xx_hal_flash.o(.text.HAL_FLASH_PageProgram_IT), (22 bytes).
    Removing air001xx_hal_flash.o(.ARM.exidx.text.HAL_FLASH_PageProgram_IT), (8 bytes).
    Removing air001xx_hal_flash.o(.text.HAL_FLASH_Program_IT), (548 bytes).
    Removing air001xx_hal_flash.o(.ARM.exidx.text.HAL_FLASH_Program_IT), (8 bytes).
    Removing air001xx_hal_flash.o(.text.HAL_FLASH_OB_RDP_LevelConfig), (168 bytes).
    Removing air001xx_hal_flash.o(.ARM.exidx.text.HAL_FLASH_OB_RDP_LevelConfig), (8 bytes).
    Removing air001xx_hal_flash.o(.text.HAL_FLASH_OBProgram), (692 bytes).
    Removing air001xx_hal_flash.o(.ARM.exidx.text.HAL_FLASH_OBProgram), (8 bytes).
    Removing air001xx_hal_flash.o(.text.FLASH_OB_OptrConfig), (48 bytes).
    Removing air001xx_hal_flash.o(.ARM.exidx.text.FLASH_OB_OptrConfig), (8 bytes).
    Removing air001xx_hal_flash.o(.text.FLASH_OB_GetUser), (24 bytes).
    Removing air001xx_hal_flash.o(.ARM.exidx.text.FLASH_OB_GetUser), (8 bytes).
    Removing air001xx_hal_flash.o(.text.FLASH_OB_GetRDP), (40 bytes).
    Removing air001xx_hal_flash.o(.ARM.exidx.text.FLASH_OB_GetRDP), (8 bytes).
    Removing air001xx_hal_flash.o(.text.HAL_FLASH_OBGetConfig), (112 bytes).
    Removing air001xx_hal_flash.o(.ARM.exidx.text.HAL_FLASH_OBGetConfig), (8 bytes).
    Removing air001xx_hal_flash.o(.text.HAL_FLASH_IRQHandler), (320 bytes).
    Removing air001xx_hal_flash.o(.ARM.exidx.text.HAL_FLASH_IRQHandler), (8 bytes).
    Removing air001xx_hal_flash.o(.text.HAL_FLASH_OperationErrorCallback), (8 bytes).
    Removing air001xx_hal_flash.o(.ARM.exidx.text.HAL_FLASH_OperationErrorCallback), (8 bytes).
    Removing air001xx_hal_flash.o(.text.HAL_FLASH_EndOfOperationCallback), (8 bytes).
    Removing air001xx_hal_flash.o(.ARM.exidx.text.HAL_FLASH_EndOfOperationCallback), (8 bytes).
    Removing air001xx_hal_flash.o(.bss.pFlash), (24 bytes).
    Removing air001xx_hal_flash.o(.rodata._FlashTimmingParam), (32 bytes).
    Removing air001xx_hal_gpio.o(.text), (0 bytes).
    Removing air001xx_hal_gpio.o(.ARM.exidx.text.HAL_GPIO_Init), (8 bytes).
    Removing air001xx_hal_gpio.o(.text.HAL_GPIO_DeInit), (332 bytes).
    Removing air001xx_hal_gpio.o(.ARM.exidx.text.HAL_GPIO_DeInit), (8 bytes).
    Removing air001xx_hal_gpio.o(.ARM.exidx.text.HAL_GPIO_ReadPin), (8 bytes).
    Removing air001xx_hal_gpio.o(.ARM.exidx.text.HAL_GPIO_WritePin), (8 bytes).
    Removing air001xx_hal_gpio.o(.text.HAL_GPIO_TogglePin), (50 bytes).
    Removing air001xx_hal_gpio.o(.ARM.exidx.text.HAL_GPIO_TogglePin), (8 bytes).
    Removing air001xx_hal_gpio.o(.text.HAL_GPIO_LockPin), (84 bytes).
    Removing air001xx_hal_gpio.o(.ARM.exidx.text.HAL_GPIO_LockPin), (8 bytes).
    Removing air001xx_hal_gpio.o(.text.HAL_GPIO_EXTI_Callback), (10 bytes).
    Removing air001xx_hal_gpio.o(.ARM.exidx.text.HAL_GPIO_EXTI_Callback), (8 bytes).
    Removing air001xx_hal_gpio.o(.text.HAL_GPIO_EXTI_IRQHandler), (44 bytes).
    Removing air001xx_hal_gpio.o(.ARM.exidx.text.HAL_GPIO_EXTI_IRQHandler), (8 bytes).
    Removing led.o(.text), (0 bytes).
    Removing led.o(.ARM.exidx.text.led_dev_register), (8 bytes).
    Removing led.o(.ARM.exidx.text.led_init), (8 bytes).
    Removing led.o(.ARM.exidx.text.led_open), (8 bytes).
    Removing led.o(.ARM.exidx.text.led_close), (8 bytes).
    Removing led.o(.ARM.exidx.text.led_read), (8 bytes).
    Removing led.o(.ARM.exidx.text.led_write), (8 bytes).
    Removing led.o(.ARM.exidx.text.led_port_to_type), (8 bytes).
    Removing led.o(.ARM.exidx.text.led_state_led_to_pin), (8 bytes).
    Removing led.o(.rodata.str1.1), (5 bytes).
    Removing system_air001xx.o(.text), (0 bytes).
    Removing system_air001xx.o(.text.SystemCoreClockUpdate), (356 bytes).
    Removing system_air001xx.o(.ARM.exidx.text.SystemCoreClockUpdate), (8 bytes).
    Removing system_air001xx.o(.ARM.exidx.text.SystemInit), (8 bytes).
    Removing system_air001xx.o(.ARM.exidx.text.$Sub$$main), (8 bytes).
    Removing system_air001xx.o(.rodata.AHBPrescTable), (64 bytes).
    Removing system_air001xx.o(.rodata.APBPrescTable), (32 bytes).
    Removing system_air001xx.o(.rodata.HSIFreqTable), (32 bytes).

253 unused section(s) (total 13967 bytes) removed from the image.

==============================================================================

Image Symbol Table

    Local Symbols

    Symbol Name                              Value     Ov Type        Size  Object(Section)

    ../clib/../cmprslib/zerorunl.c           0x00000000   Number         0  __dczerorl.o ABSOLUTE
    ../clib/angel/boardlib.s                 0x00000000   Number         0  boardinit1.o ABSOLUTE
    ../clib/angel/boardlib.s                 0x00000000   Number         0  boardinit2.o ABSOLUTE
    ../clib/angel/boardlib.s                 0x00000000   Number         0  boardinit3.o ABSOLUTE
    ../clib/angel/boardlib.s                 0x00000000   Number         0  boardshut.o ABSOLUTE
    ../clib/angel/handlers.s                 0x00000000   Number         0  __scatter_zi.o ABSOLUTE
    ../clib/angel/kernel.s                   0x00000000   Number         0  __rtentry.o ABSOLUTE
    ../clib/angel/kernel.s                   0x00000000   Number         0  __rtentry2.o ABSOLUTE
    ../clib/angel/kernel.s                   0x00000000   Number         0  __rtentry4.o ABSOLUTE
    ../clib/angel/kernel.s                   0x00000000   Number         0  rtexit.o ABSOLUTE
    ../clib/angel/kernel.s                   0x00000000   Number         0  rtexit2.o ABSOLUTE
    ../clib/angel/rt.s                       0x00000000   Number         0  aeabi_idiv0.o ABSOLUTE
    ../clib/angel/rt.s                       0x00000000   Number         0  aeabi_idiv0_sigfpe.o ABSOLUTE
    ../clib/angel/rt.s                       0x00000000   Number         0  rt_div0.o ABSOLUTE
    ../clib/angel/rt.s                       0x00000000   Number         0  rt_raise.o ABSOLUTE
    ../clib/angel/scatterp.s                 0x00000000   Number         0  __scatter.o ABSOLUTE
    ../clib/angel/startup.s                  0x00000000   Number         0  __main.o ABSOLUTE
    ../clib/angel/sys.s                      0x00000000   Number         0  sys_stackheap_outer.o ABSOLUTE
    ../clib/angel/sys.s                      0x00000000   Number         0  libspace.o ABSOLUTE
    ../clib/angel/sys.s                      0x00000000   Number         0  tempstk.o ABSOLUTE
    ../clib/angel/sys.s                      0x00000000   Number         0  use_no_semi.o ABSOLUTE
    ../clib/angel/sys.s                      0x00000000   Number         0  indicate_semi.o ABSOLUTE
    ../clib/angel/sysapp.c                   0x00000000   Number         0  sys_exit.o ABSOLUTE
    ../clib/angel/sysapp.c                   0x00000000   Number         0  sys_exit_hlt.o ABSOLUTE
    ../clib/angel/sysapp.c                   0x00000000   Number         0  sys_wrch.o ABSOLUTE
    ../clib/angel/sysapp.c                   0x00000000   Number         0  sys_wrch_hlt.o ABSOLUTE
    ../clib/angel/sysapp.c                   0x00000000   Number         0  sys_command.o ABSOLUTE
    ../clib/angel/sysapp.c                   0x00000000   Number         0  sys_command_hlt.o ABSOLUTE
    ../clib/armsys.c                         0x00000000   Number         0  argv_veneer.o ABSOLUTE
    ../clib/armsys.c                         0x00000000   Number         0  _get_argv_nomalloc.o ABSOLUTE
    ../clib/armsys.c                         0x00000000   Number         0  no_argv.o ABSOLUTE
    ../clib/division.s                       0x00000000   Number         0  aeabi_sdiv.o ABSOLUTE
    ../clib/division.s                       0x00000000   Number         0  aeabi_sdiv_div0.o ABSOLUTE
    ../clib/heapalloc.c                      0x00000000   Number         0  hrguard.o ABSOLUTE
    ../clib/heapaux.c                        0x00000000   Number         0  heapauxi.o ABSOLUTE
    ../clib/libinit.s                        0x00000000   Number         0  libinit.o ABSOLUTE
    ../clib/libinit.s                        0x00000000   Number         0  libinit2.o ABSOLUTE
    ../clib/libinit.s                        0x00000000   Number         0  libshutdown.o ABSOLUTE
    ../clib/libinit.s                        0x00000000   Number         0  libshutdown2.o ABSOLUTE
    ../clib/signal.c                         0x00000000   Number         0  defsig_fpe_outer.o ABSOLUTE
    ../clib/signal.c                         0x00000000   Number         0  defsig_fpe_formal.o ABSOLUTE
    ../clib/signal.c                         0x00000000   Number         0  defsig_exit.o ABSOLUTE
    ../clib/signal.c                         0x00000000   Number         0  defsig_fpe_inner.o ABSOLUTE
    ../clib/signal.c                         0x00000000   Number         0  __raise.o ABSOLUTE
    ../clib/signal.c                         0x00000000   Number         0  defsig_general.o ABSOLUTE
    ../clib/signal.c                         0x00000000   Number         0  defsig_abrt_inner.o ABSOLUTE
    ../clib/signal.c                         0x00000000   Number         0  defsig_rtred_inner.o ABSOLUTE
    ../clib/signal.c                         0x00000000   Number         0  defsig_rtmem_inner.o ABSOLUTE
    ../clib/signal.c                         0x00000000   Number         0  defsig_rtmem_outer.o ABSOLUTE
    ../clib/signal.c                         0x00000000   Number         0  defsig_rtmem_formal.o ABSOLUTE
    ../clib/signal.c                         0x00000000   Number         0  defsig_stak_inner.o ABSOLUTE
    ../clib/signal.c                         0x00000000   Number         0  defsig_pvfn_inner.o ABSOLUTE
    ../clib/signal.c                         0x00000000   Number         0  defsig_cppl_inner.o ABSOLUTE
    ../clib/signal.c                         0x00000000   Number         0  defsig_segv_inner.o ABSOLUTE
    ../clib/signal.c                         0x00000000   Number         0  defsig_other.o ABSOLUTE
    ../clib/signal.s                         0x00000000   Number         0  defsig.o ABSOLUTE
    ../clib/stdlib.c                         0x00000000   Number         0  exit.o ABSOLUTE
    ../fplib/cfplib/fpinit.c                 0x00000000   Number         0  fpinit.o ABSOLUTE
    RTE/Device/AIR001Dev/startup_air001_dev.s 0x00000000   Number         0  startup_air001_dev.o ABSOLUTE
    air001xx_hal.c                           0x00000000   Number         0  air001xx_hal.o ABSOLUTE
    air001xx_hal_cortex.c                    0x00000000   Number         0  air001xx_hal_cortex.o ABSOLUTE
    air001xx_hal_flash.c                     0x00000000   Number         0  air001xx_hal_flash.o ABSOLUTE
    air001xx_hal_gpio.c                      0x00000000   Number         0  air001xx_hal_gpio.o ABSOLUTE
    air001xx_hal_pwr.c                       0x00000000   Number         0  air001xx_hal_pwr.o ABSOLUTE
    air001xx_hal_pwr_ex.c                    0x00000000   Number         0  air001xx_hal_pwr_ex.o ABSOLUTE
    air001xx_hal_rcc.c                       0x00000000   Number         0  air001xx_hal_rcc.o ABSOLUTE
    air001xx_hal_rcc_ex.c                    0x00000000   Number         0  air001xx_hal_rcc_ex.o ABSOLUTE
    air001xx_it.c                            0x00000000   Number         0  air001xx_it.o ABSOLUTE
    dc.s                                     0x00000000   Number         0  dc.o ABSOLUTE
    led.c                                    0x00000000   Number         0  led.o ABSOLUTE
    main.c                                   0x00000000   Number         0  main.o ABSOLUTE
    system_air001xx.c                        0x00000000   Number         0  system_air001xx.o ABSOLUTE
    RESET                                    0x08000000   Section      192  startup_air001_dev.o(RESET)
    !!!main                                  0x080000c0   Section        8  __main.o(!!!main)
    !!!scatter                               0x080000c8   Section       60  __scatter.o(!!!scatter)
    !!handler_zi                             0x08000104   Section       28  __scatter_zi.o(!!handler_zi)
    .ARM.Collect$$libinit$$00000000          0x08000120   Section        2  libinit.o(.ARM.Collect$$libinit$$00000000)
    .ARM.Collect$$libinit$$00000002          0x08000122   Section        0  libinit2.o(.ARM.Collect$$libinit$$00000002)
    .ARM.Collect$$libinit$$00000004          0x08000122   Section        0  libinit2.o(.ARM.Collect$$libinit$$00000004)
    .ARM.Collect$$libinit$$00000006          0x08000122   Section        0  libinit2.o(.ARM.Collect$$libinit$$00000006)
    .ARM.Collect$$libinit$$0000000C          0x08000122   Section        0  libinit2.o(.ARM.Collect$$libinit$$0000000C)
    .ARM.Collect$$libinit$$0000000E          0x08000122   Section        0  libinit2.o(.ARM.Collect$$libinit$$0000000E)
    .ARM.Collect$$libinit$$00000010          0x08000122   Section        0  libinit2.o(.ARM.Collect$$libinit$$00000010)
    .ARM.Collect$$libinit$$00000013          0x08000122   Section        0  libinit2.o(.ARM.Collect$$libinit$$00000013)
    .ARM.Collect$$libinit$$00000015          0x08000122   Section        0  libinit2.o(.ARM.Collect$$libinit$$00000015)
    .ARM.Collect$$libinit$$00000017          0x08000122   Section        0  libinit2.o(.ARM.Collect$$libinit$$00000017)
    .ARM.Collect$$libinit$$00000019          0x08000122   Section        0  libinit2.o(.ARM.Collect$$libinit$$00000019)
    .ARM.Collect$$libinit$$0000001B          0x08000122   Section        0  libinit2.o(.ARM.Collect$$libinit$$0000001B)
    .ARM.Collect$$libinit$$0000001D          0x08000122   Section        0  libinit2.o(.ARM.Collect$$libinit$$0000001D)
    .ARM.Collect$$libinit$$0000001F          0x08000122   Section        0  libinit2.o(.ARM.Collect$$libinit$$0000001F)
    .ARM.Collect$$libinit$$00000021          0x08000122   Section        0  libinit2.o(.ARM.Collect$$libinit$$00000021)
    .ARM.Collect$$libinit$$00000023          0x08000122   Section        0  libinit2.o(.ARM.Collect$$libinit$$00000023)
    .ARM.Collect$$libinit$$00000025          0x08000122   Section        0  libinit2.o(.ARM.Collect$$libinit$$00000025)
    .ARM.Collect$$libinit$$00000027          0x08000122   Section        0  libinit2.o(.ARM.Collect$$libinit$$00000027)
    .ARM.Collect$$libinit$$0000002E          0x08000122   Section        0  libinit2.o(.ARM.Collect$$libinit$$0000002E)
    .ARM.Collect$$libinit$$00000030          0x08000122   Section        0  libinit2.o(.ARM.Collect$$libinit$$00000030)
    .ARM.Collect$$libinit$$00000032          0x08000122   Section        0  libinit2.o(.ARM.Collect$$libinit$$00000032)
    .ARM.Collect$$libinit$$00000034          0x08000122   Section        0  libinit2.o(.ARM.Collect$$libinit$$00000034)
    .ARM.Collect$$libinit$$00000035          0x08000122   Section        2  libinit2.o(.ARM.Collect$$libinit$$00000035)
    .ARM.Collect$$libshutdown$$00000000      0x08000124   Section        2  libshutdown.o(.ARM.Collect$$libshutdown$$00000000)
    .ARM.Collect$$libshutdown$$00000002      0x08000126   Section        0  libshutdown2.o(.ARM.Collect$$libshutdown$$00000002)
    .ARM.Collect$$libshutdown$$00000004      0x08000126   Section        0  libshutdown2.o(.ARM.Collect$$libshutdown$$00000004)
    .ARM.Collect$$libshutdown$$00000007      0x08000126   Section        0  libshutdown2.o(.ARM.Collect$$libshutdown$$00000007)
    .ARM.Collect$$libshutdown$$0000000A      0x08000126   Section        0  libshutdown2.o(.ARM.Collect$$libshutdown$$0000000A)
    .ARM.Collect$$libshutdown$$0000000C      0x08000126   Section        0  libshutdown2.o(.ARM.Collect$$libshutdown$$0000000C)
    .ARM.Collect$$libshutdown$$0000000F      0x08000126   Section        0  libshutdown2.o(.ARM.Collect$$libshutdown$$0000000F)
    .ARM.Collect$$libshutdown$$00000010      0x08000126   Section        2  libshutdown2.o(.ARM.Collect$$libshutdown$$00000010)
    .ARM.Collect$$rtentry$$00000000          0x08000128   Section        0  __rtentry.o(.ARM.Collect$$rtentry$$00000000)
    .ARM.Collect$$rtentry$$00000002          0x08000128   Section        0  __rtentry2.o(.ARM.Collect$$rtentry$$00000002)
    .ARM.Collect$$rtentry$$00000004          0x08000128   Section        6  __rtentry4.o(.ARM.Collect$$rtentry$$00000004)
    .ARM.Collect$$rtentry$$00000009          0x0800012e   Section        0  __rtentry2.o(.ARM.Collect$$rtentry$$00000009)
    .ARM.Collect$$rtentry$$0000000A          0x0800012e   Section        4  __rtentry2.o(.ARM.Collect$$rtentry$$0000000A)
    .ARM.Collect$$rtentry$$0000000C          0x08000132   Section        0  __rtentry2.o(.ARM.Collect$$rtentry$$0000000C)
    .ARM.Collect$$rtentry$$0000000D          0x08000132   Section        8  __rtentry2.o(.ARM.Collect$$rtentry$$0000000D)
    .ARM.Collect$$rtexit$$00000000           0x0800013a   Section        2  rtexit.o(.ARM.Collect$$rtexit$$00000000)
    .ARM.Collect$$rtexit$$00000002           0x0800013c   Section        0  rtexit2.o(.ARM.Collect$$rtexit$$00000002)
    .ARM.Collect$$rtexit$$00000003           0x0800013c   Section        4  rtexit2.o(.ARM.Collect$$rtexit$$00000003)
    .ARM.Collect$$rtexit$$00000004           0x08000140   Section        6  rtexit2.o(.ARM.Collect$$rtexit$$00000004)
    .text                                    0x08000148   Section       56  startup_air001_dev.o(.text)
    .text                                    0x08000180   Section      364  aeabi_sdiv.o(.text)
    .text                                    0x080002ec   Section        0  heapauxi.o(.text)
    .text                                    0x080002f2   Section       62  sys_stackheap_outer.o(.text)
    .text                                    0x08000330   Section        0  exit.o(.text)
    .text                                    0x08000340   Section        8  libspace.o(.text)
    .text                                    0x08000348   Section        0  sys_exit.o(.text)
    .text                                    0x08000354   Section        2  use_no_semi.o(.text)
    .text                                    0x08000356   Section        0  indicate_semi.o(.text)
    .text                                    0x08000356   Section        0  __dczerorl.o(.text)
    [Anonymous Symbol]                       0x08000390   Section        0  system_air001xx.o(.text.$Sub$$main)
    __arm_cp.2_0                             0x080003d8   Number         4  system_air001xx.o(.text.$Sub$$main)
    __arm_cp.2_1                             0x080003dc   Number         4  system_air001xx.o(.text.$Sub$$main)
    [Anonymous Symbol]                       0x080003e0   Section        0  air001xx_hal.o(.text.HAL_Delay)
    [Anonymous Symbol]                       0x08000420   Section        0  air001xx_hal_gpio.o(.text.HAL_GPIO_Init)
    __arm_cp.0_0                             0x080006a4   Number         4  air001xx_hal_gpio.o(.text.HAL_GPIO_Init)
    __arm_cp.0_1                             0x080006a8   Number         4  air001xx_hal_gpio.o(.text.HAL_GPIO_Init)
    __arm_cp.0_2                             0x080006ac   Number         4  air001xx_hal_gpio.o(.text.HAL_GPIO_Init)
    __arm_cp.0_3                             0x080006b0   Number         4  air001xx_hal_gpio.o(.text.HAL_GPIO_Init)
    __arm_cp.0_4                             0x080006b4   Number         4  air001xx_hal_gpio.o(.text.HAL_GPIO_Init)
    __arm_cp.0_5                             0x080006b8   Number         4  air001xx_hal_gpio.o(.text.HAL_GPIO_Init)
    [Anonymous Symbol]                       0x080006bc   Section        0  air001xx_hal_gpio.o(.text.HAL_GPIO_ReadPin)
    [Anonymous Symbol]                       0x080006ee   Section        0  air001xx_hal_gpio.o(.text.HAL_GPIO_WritePin)
    [Anonymous Symbol]                       0x0800071c   Section        0  air001xx_hal.o(.text.HAL_GetTick)
    [Anonymous Symbol]                       0x08000724   Section        0  air001xx_hal.o(.text.HAL_IncTick)
    __arm_cp.5_1                             0x08000734   Number         4  air001xx_hal.o(.text.HAL_IncTick)
    [Anonymous Symbol]                       0x08000738   Section        0  air001xx_hal.o(.text.HAL_Init)
    [Anonymous Symbol]                       0x08000764   Section        0  air001xx_hal.o(.text.HAL_InitTick)
    __arm_cp.1_0                             0x080007dc   Number         4  air001xx_hal.o(.text.HAL_InitTick)
    __arm_cp.1_1                             0x080007e0   Number         4  air001xx_hal.o(.text.HAL_InitTick)
    __arm_cp.1_2                             0x080007e4   Number         4  air001xx_hal.o(.text.HAL_InitTick)
    [Anonymous Symbol]                       0x080007e8   Section        0  air001xx_hal.o(.text.HAL_MspInit)
    [Anonymous Symbol]                       0x080007ea   Section        0  air001xx_hal_cortex.o(.text.HAL_NVIC_SetPriority)
    [Anonymous Symbol]                       0x08000806   Section        0  air001xx_hal_cortex.o(.text.HAL_SYSTICK_Config)
    [Anonymous Symbol]                       0x08000816   Section        0  air001xx_it.o(.text.HardFault_Handler)
    [Anonymous Symbol]                       0x0800081a   Section        0  air001xx_it.o(.text.NMI_Handler)
    [Anonymous Symbol]                       0x0800081c   Section        0  air001xx_it.o(.text.PendSV_Handler)
    [Anonymous Symbol]                       0x0800081e   Section        0  air001xx_it.o(.text.SVC_Handler)
    SysTick_Config                           0x08000821   Thumb Code    68  air001xx_hal_cortex.o(.text.SysTick_Config)
    [Anonymous Symbol]                       0x08000820   Section        0  air001xx_hal_cortex.o(.text.SysTick_Config)
    __arm_cp.9_0                             0x08000864   Number         4  air001xx_hal_cortex.o(.text.SysTick_Config)
    __arm_cp.9_1                             0x08000868   Number         4  air001xx_hal_cortex.o(.text.SysTick_Config)
    __arm_cp.9_2                             0x0800086c   Number         4  air001xx_hal_cortex.o(.text.SysTick_Config)
    [Anonymous Symbol]                       0x08000870   Section        0  air001xx_it.o(.text.SysTick_Handler)
    [Anonymous Symbol]                       0x08000878   Section        0  system_air001xx.o(.text.SystemInit)
    __arm_cp.1_0                             0x08000898   Number         4  system_air001xx.o(.text.SystemInit)
    __arm_cp.1_1                             0x0800089c   Number         4  system_air001xx.o(.text.SystemInit)
    __arm_cp.1_2                             0x080008a0   Number         4  system_air001xx.o(.text.SystemInit)
    __arm_cp.1_3                             0x080008a4   Number         4  system_air001xx.o(.text.SystemInit)
    __NVIC_SetPriority                       0x080008a9   Thumb Code   124  air001xx_hal_cortex.o(.text.__NVIC_SetPriority)
    [Anonymous Symbol]                       0x080008a8   Section        0  air001xx_hal_cortex.o(.text.__NVIC_SetPriority)
    __arm_cp.1_0                             0x08000924   Number         4  air001xx_hal_cortex.o(.text.__NVIC_SetPriority)
    __arm_cp.1_1                             0x08000928   Number         4  air001xx_hal_cortex.o(.text.__NVIC_SetPriority)
    led_close                                0x0800092d   Thumb Code    22  led.o(.text.led_close)
    [Anonymous Symbol]                       0x0800092c   Section        0  led.o(.text.led_close)
    [Anonymous Symbol]                       0x08000944   Section        0  led.o(.text.led_dev_register)
    __arm_cp.0_1                             0x08000a0c   Number         4  led.o(.text.led_dev_register)
    __arm_cp.0_2                             0x08000a10   Number         4  led.o(.text.led_dev_register)
    __arm_cp.0_3                             0x08000a14   Number         4  led.o(.text.led_dev_register)
    __arm_cp.0_4                             0x08000a18   Number         4  led.o(.text.led_dev_register)
    __arm_cp.0_5                             0x08000a1c   Number         4  led.o(.text.led_dev_register)
    led_init                                 0x08000a21   Thumb Code   248  led.o(.text.led_init)
    [Anonymous Symbol]                       0x08000a20   Section        0  led.o(.text.led_init)
    __arm_cp.1_0                             0x08000b18   Number         4  led.o(.text.led_init)
    led_open                                 0x08000b1d   Thumb Code    22  led.o(.text.led_open)
    [Anonymous Symbol]                       0x08000b1c   Section        0  led.o(.text.led_open)
    led_port_to_type                         0x08000b35   Thumb Code    72  led.o(.text.led_port_to_type)
    [Anonymous Symbol]                       0x08000b34   Section        0  led.o(.text.led_port_to_type)
    __arm_cp.6_0                             0x08000b7c   Number         4  led.o(.text.led_port_to_type)
    __arm_cp.6_1                             0x08000b80   Number         4  led.o(.text.led_port_to_type)
    led_read                                 0x08000b85   Thumb Code   118  led.o(.text.led_read)
    [Anonymous Symbol]                       0x08000b84   Section        0  led.o(.text.led_read)
    led_state_led_to_pin                     0x08000bfb   Thumb Code    64  led.o(.text.led_state_led_to_pin)
    [Anonymous Symbol]                       0x08000bfa   Section        0  led.o(.text.led_state_led_to_pin)
    led_write                                0x08000c3b   Thumb Code    84  led.o(.text.led_write)
    [Anonymous Symbol]                       0x08000c3a   Section        0  led.o(.text.led_write)
    [Anonymous Symbol]                       0x08000c90   Section        0  main.o(.text.main)
    __arm_cp.0_0                             0x08000d48   Number         4  main.o(.text.main)
    __arm_cp.0_1                             0x08000d4c   Number         4  main.o(.text.main)
    .bss                                     0x20000190   Section       96  libspace.o(.bss)
    Heap_Mem                                 0x20000238   Data         512  startup_air001_dev.o(HEAP)
    HEAP                                     0x20000238   Section      512  startup_air001_dev.o(HEAP)
    Stack_Mem                                0x20000438   Data        1024  startup_air001_dev.o(STACK)
    STACK                                    0x20000438   Section     1024  startup_air001_dev.o(STACK)
    __initial_sp                             0x20000838   Data           0  startup_air001_dev.o(STACK)

    Global Symbols

    Symbol Name                              Value     Ov Type        Size  Object(Section)

    BuildAttributes$$THM_ISAv3M$S$PE$A:L22$X:L11$S22$IEEE1$IW$~IW$USESV6$~STKCKD$USESV7$~SHL$OSPACE$ROPI$EBA8$UX$STANDARDLIB$REQ8$PRES8$EABIv2 0x00000000   Number         0  anon$$obj.o ABSOLUTE
    __ARM_exceptions_init                     - Undefined Weak Reference
    __alloca_initialize                       - Undefined Weak Reference
    __arm_preinit_                            - Undefined Weak Reference
    __arm_relocate_pie_                       - Undefined Weak Reference
    __cpp_initialize__aeabi_                  - Undefined Weak Reference
    __cxa_finalize                            - Undefined Weak Reference
    __rt_locale                               - Undefined Weak Reference
    __sigvec_lookup                           - Undefined Weak Reference
    _atexit_init                              - Undefined Weak Reference
    _call_atexit_fns                          - Undefined Weak Reference
    _clock_init                               - Undefined Weak Reference
    _fp_trap_init                             - Undefined Weak Reference
    _fp_trap_shutdown                         - Undefined Weak Reference
    _get_lc_collate                           - Undefined Weak Reference
    _get_lc_ctype                             - Undefined Weak Reference
    _get_lc_monetary                          - Undefined Weak Reference
    _get_lc_numeric                           - Undefined Weak Reference
    _get_lc_time                              - Undefined Weak Reference
    _getenv_init                              - Undefined Weak Reference
    _handle_redirection                       - Undefined Weak Reference
    _init_alloc                               - Undefined Weak Reference
    _init_user_alloc                          - Undefined Weak Reference
    _initio                                   - Undefined Weak Reference
    _rand_init                                - Undefined Weak Reference
    _signal_finish                            - Undefined Weak Reference
    _signal_init                              - Undefined Weak Reference
    _terminate_alloc                          - Undefined Weak Reference
    _terminate_user_alloc                     - Undefined Weak Reference
    _terminateio                              - Undefined Weak Reference
    __Vectors_Size                           0x000000c0   Number         0  startup_air001_dev.o ABSOLUTE
    __Vectors                                0x08000000   Data           4  startup_air001_dev.o(RESET)
    __Vectors_End                            0x080000c0   Data           0  startup_air001_dev.o(RESET)
    __main                                   0x080000c1   Thumb Code     8  __main.o(!!!main)
    __scatterload                            0x080000c9   Thumb Code     0  __scatter.o(!!!scatter)
    __scatterload_rt2                        0x080000c9   Thumb Code    52  __scatter.o(!!!scatter)
    __scatterload_rt2_thumb_only             0x080000c9   Thumb Code     0  __scatter.o(!!!scatter)
    __scatterload_null                       0x080000d9   Thumb Code     0  __scatter.o(!!!scatter)
    __scatterload_zeroinit                   0x08000105   Thumb Code    28  __scatter_zi.o(!!handler_zi)
    __rt_lib_init                            0x08000121   Thumb Code     0  libinit.o(.ARM.Collect$$libinit$$00000000)
    __rt_lib_init_alloca_1                   0x08000123   Thumb Code     0  libinit2.o(.ARM.Collect$$libinit$$00000030)
    __rt_lib_init_argv_1                     0x08000123   Thumb Code     0  libinit2.o(.ARM.Collect$$libinit$$0000002E)
    __rt_lib_init_atexit_1                   0x08000123   Thumb Code     0  libinit2.o(.ARM.Collect$$libinit$$0000001D)
    __rt_lib_init_clock_1                    0x08000123   Thumb Code     0  libinit2.o(.ARM.Collect$$libinit$$00000023)
    __rt_lib_init_cpp_1                      0x08000123   Thumb Code     0  libinit2.o(.ARM.Collect$$libinit$$00000034)
    __rt_lib_init_exceptions_1               0x08000123   Thumb Code     0  libinit2.o(.ARM.Collect$$libinit$$00000032)
    __rt_lib_init_fp_1                       0x08000123   Thumb Code     0  libinit2.o(.ARM.Collect$$libinit$$00000002)
    __rt_lib_init_fp_trap_1                  0x08000123   Thumb Code     0  libinit2.o(.ARM.Collect$$libinit$$00000021)
    __rt_lib_init_getenv_1                   0x08000123   Thumb Code     0  libinit2.o(.ARM.Collect$$libinit$$00000025)
    __rt_lib_init_heap_1                     0x08000123   Thumb Code     0  libinit2.o(.ARM.Collect$$libinit$$0000000C)
    __rt_lib_init_lc_collate_1               0x08000123   Thumb Code     0  libinit2.o(.ARM.Collect$$libinit$$00000013)
    __rt_lib_init_lc_ctype_1                 0x08000123   Thumb Code     0  libinit2.o(.ARM.Collect$$libinit$$00000015)
    __rt_lib_init_lc_monetary_1              0x08000123   Thumb Code     0  libinit2.o(.ARM.Collect$$libinit$$00000017)
    __rt_lib_init_lc_numeric_1               0x08000123   Thumb Code     0  libinit2.o(.ARM.Collect$$libinit$$00000019)
    __rt_lib_init_lc_time_1                  0x08000123   Thumb Code     0  libinit2.o(.ARM.Collect$$libinit$$0000001B)
    __rt_lib_init_preinit_1                  0x08000123   Thumb Code     0  libinit2.o(.ARM.Collect$$libinit$$00000006)
    __rt_lib_init_rand_1                     0x08000123   Thumb Code     0  libinit2.o(.ARM.Collect$$libinit$$00000010)
    __rt_lib_init_relocate_pie_1             0x08000123   Thumb Code     0  libinit2.o(.ARM.Collect$$libinit$$00000004)
    __rt_lib_init_return                     0x08000123   Thumb Code     0  libinit2.o(.ARM.Collect$$libinit$$00000035)
    __rt_lib_init_signal_1                   0x08000123   Thumb Code     0  libinit2.o(.ARM.Collect$$libinit$$0000001F)
    __rt_lib_init_stdio_1                    0x08000123   Thumb Code     0  libinit2.o(.ARM.Collect$$libinit$$00000027)
    __rt_lib_init_user_alloc_1               0x08000123   Thumb Code     0  libinit2.o(.ARM.Collect$$libinit$$0000000E)
    __rt_lib_shutdown                        0x08000125   Thumb Code     0  libshutdown.o(.ARM.Collect$$libshutdown$$00000000)
    __rt_lib_shutdown_cpp_1                  0x08000127   Thumb Code     0  libshutdown2.o(.ARM.Collect$$libshutdown$$00000002)
    __rt_lib_shutdown_fp_trap_1              0x08000127   Thumb Code     0  libshutdown2.o(.ARM.Collect$$libshutdown$$00000007)
    __rt_lib_shutdown_heap_1                 0x08000127   Thumb Code     0  libshutdown2.o(.ARM.Collect$$libshutdown$$0000000F)
    __rt_lib_shutdown_return                 0x08000127   Thumb Code     0  libshutdown2.o(.ARM.Collect$$libshutdown$$00000010)
    __rt_lib_shutdown_signal_1               0x08000127   Thumb Code     0  libshutdown2.o(.ARM.Collect$$libshutdown$$0000000A)
    __rt_lib_shutdown_stdio_1                0x08000127   Thumb Code     0  libshutdown2.o(.ARM.Collect$$libshutdown$$00000004)
    __rt_lib_shutdown_user_alloc_1           0x08000127   Thumb Code     0  libshutdown2.o(.ARM.Collect$$libshutdown$$0000000C)
    __rt_entry                               0x08000129   Thumb Code     0  __rtentry.o(.ARM.Collect$$rtentry$$00000000)
    __rt_entry_presh_1                       0x08000129   Thumb Code     0  __rtentry2.o(.ARM.Collect$$rtentry$$00000002)
    __rt_entry_sh                            0x08000129   Thumb Code     0  __rtentry4.o(.ARM.Collect$$rtentry$$00000004)
    __rt_entry_li                            0x0800012f   Thumb Code     0  __rtentry2.o(.ARM.Collect$$rtentry$$0000000A)
    __rt_entry_postsh_1                      0x0800012f   Thumb Code     0  __rtentry2.o(.ARM.Collect$$rtentry$$00000009)
    __rt_entry_main                          0x08000133   Thumb Code     0  __rtentry2.o(.ARM.Collect$$rtentry$$0000000D)
    __rt_entry_postli_1                      0x08000133   Thumb Code     0  __rtentry2.o(.ARM.Collect$$rtentry$$0000000C)
    __rt_exit                                0x0800013b   Thumb Code     0  rtexit.o(.ARM.Collect$$rtexit$$00000000)
    __rt_exit_ls                             0x0800013d   Thumb Code     0  rtexit2.o(.ARM.Collect$$rtexit$$00000003)
    __rt_exit_prels_1                        0x0800013d   Thumb Code     0  rtexit2.o(.ARM.Collect$$rtexit$$00000002)
    __rt_exit_exit                           0x08000141   Thumb Code     0  rtexit2.o(.ARM.Collect$$rtexit$$00000004)
    Reset_Handler                            0x08000149   Thumb Code     8  startup_air001_dev.o(.text)
    ADC_COMP_IRQHandler                      0x0800015b   Thumb Code     0  startup_air001_dev.o(.text)
    DMA1_Channel1_IRQHandler                 0x0800015b   Thumb Code     0  startup_air001_dev.o(.text)
    DMA1_Channel2_3_IRQHandler               0x0800015b   Thumb Code     0  startup_air001_dev.o(.text)
    EXTI0_1_IRQHandler                       0x0800015b   Thumb Code     0  startup_air001_dev.o(.text)
    EXTI2_3_IRQHandler                       0x0800015b   Thumb Code     0  startup_air001_dev.o(.text)
    EXTI4_15_IRQHandler                      0x0800015b   Thumb Code     0  startup_air001_dev.o(.text)
    FLASH_IRQHandler                         0x0800015b   Thumb Code     0  startup_air001_dev.o(.text)
    I2C1_IRQHandler                          0x0800015b   Thumb Code     0  startup_air001_dev.o(.text)
    LED_IRQHandler                           0x0800015b   Thumb Code     0  startup_air001_dev.o(.text)
    LPTIM1_IRQHandler                        0x0800015b   Thumb Code     0  startup_air001_dev.o(.text)
    PVD_IRQHandler                           0x0800015b   Thumb Code     0  startup_air001_dev.o(.text)
    RCC_IRQHandler                           0x0800015b   Thumb Code     0  startup_air001_dev.o(.text)
    RTC_IRQHandler                           0x0800015b   Thumb Code     0  startup_air001_dev.o(.text)
    SPI1_IRQHandler                          0x0800015b   Thumb Code     0  startup_air001_dev.o(.text)
    SPI2_IRQHandler                          0x0800015b   Thumb Code     0  startup_air001_dev.o(.text)
    TIM14_IRQHandler                         0x0800015b   Thumb Code     0  startup_air001_dev.o(.text)
    TIM16_IRQHandler                         0x0800015b   Thumb Code     0  startup_air001_dev.o(.text)
    TIM17_IRQHandler                         0x0800015b   Thumb Code     0  startup_air001_dev.o(.text)
    TIM1_BRK_UP_TRG_COM_IRQHandler           0x0800015b   Thumb Code     0  startup_air001_dev.o(.text)
    TIM1_CC_IRQHandler                       0x0800015b   Thumb Code     0  startup_air001_dev.o(.text)
    TIM3_IRQHandler                          0x0800015b   Thumb Code     0  startup_air001_dev.o(.text)
    USART1_IRQHandler                        0x0800015b   Thumb Code     0  startup_air001_dev.o(.text)
    USART2_IRQHandler                        0x0800015b   Thumb Code     0  startup_air001_dev.o(.text)
    WWDG_IRQHandler                          0x0800015b   Thumb Code     0  startup_air001_dev.o(.text)
    __user_initial_stackheap                 0x0800015d   Thumb Code     0  startup_air001_dev.o(.text)
    __aeabi_uidiv                            0x08000181   Thumb Code     0  aeabi_sdiv.o(.text)
    __aeabi_uidivmod                         0x08000181   Thumb Code    20  aeabi_sdiv.o(.text)
    __aeabi_idiv                             0x08000195   Thumb Code     0  aeabi_sdiv.o(.text)
    __aeabi_idivmod                          0x08000195   Thumb Code   338  aeabi_sdiv.o(.text)
    __use_two_region_memory                  0x080002ed   Thumb Code     2  heapauxi.o(.text)
    __rt_heap_escrow$2region                 0x080002ef   Thumb Code     2  heapauxi.o(.text)
    __rt_heap_expand$2region                 0x080002f1   Thumb Code     2  heapauxi.o(.text)
    __user_setup_stackheap                   0x080002f3   Thumb Code    62  sys_stackheap_outer.o(.text)
    exit                                     0x08000331   Thumb Code    16  exit.o(.text)
    __user_libspace                          0x08000341   Thumb Code     8  libspace.o(.text)
    __user_perproc_libspace                  0x08000341   Thumb Code     0  libspace.o(.text)
    __user_perthread_libspace                0x08000341   Thumb Code     0  libspace.o(.text)
    _sys_exit                                0x08000349   Thumb Code     8  sys_exit.o(.text)
    __I$use$semihosting                      0x08000355   Thumb Code     0  use_no_semi.o(.text)
    __use_no_semihosting_swi                 0x08000355   Thumb Code     2  use_no_semi.o(.text)
    __decompress                             0x08000357   Thumb Code     0  __dczerorl.o(.text)
    __decompress0                            0x08000357   Thumb Code    58  __dczerorl.o(.text)
    __semihosting_library_function           0x08000357   Thumb Code     0  indicate_semi.o(.text)
    main                                     0x08000391   Thumb Code    72  system_air001xx.o(.text.$Sub$$main)
    HAL_Delay                                0x080003e1   Thumb Code    64  air001xx_hal.o(.text.HAL_Delay)
    HAL_GPIO_Init                            0x08000421   Thumb Code   644  air001xx_hal_gpio.o(.text.HAL_GPIO_Init)
    HAL_GPIO_ReadPin                         0x080006bd   Thumb Code    50  air001xx_hal_gpio.o(.text.HAL_GPIO_ReadPin)
    HAL_GPIO_WritePin                        0x080006ef   Thumb Code    44  air001xx_hal_gpio.o(.text.HAL_GPIO_WritePin)
    HAL_GetTick                              0x0800071d   Thumb Code     8  air001xx_hal.o(.text.HAL_GetTick)
    HAL_IncTick                              0x08000725   Thumb Code    16  air001xx_hal.o(.text.HAL_IncTick)
    HAL_Init                                 0x08000739   Thumb Code    44  air001xx_hal.o(.text.HAL_Init)
    HAL_InitTick                             0x08000765   Thumb Code   120  air001xx_hal.o(.text.HAL_InitTick)
    HAL_MspInit                              0x080007e9   Thumb Code     2  air001xx_hal.o(.text.HAL_MspInit)
    HAL_NVIC_SetPriority                     0x080007eb   Thumb Code    28  air001xx_hal_cortex.o(.text.HAL_NVIC_SetPriority)
    HAL_SYSTICK_Config                       0x08000807   Thumb Code    16  air001xx_hal_cortex.o(.text.HAL_SYSTICK_Config)
    HardFault_Handler                        0x08000817   Thumb Code     4  air001xx_it.o(.text.HardFault_Handler)
    NMI_Handler                              0x0800081b   Thumb Code     2  air001xx_it.o(.text.NMI_Handler)
    PendSV_Handler                           0x0800081d   Thumb Code     2  air001xx_it.o(.text.PendSV_Handler)
    SVC_Handler                              0x0800081f   Thumb Code     2  air001xx_it.o(.text.SVC_Handler)
    SysTick_Handler                          0x08000871   Thumb Code     8  air001xx_it.o(.text.SysTick_Handler)
    SystemInit                               0x08000879   Thumb Code    32  system_air001xx.o(.text.SystemInit)
    led_dev_register                         0x08000945   Thumb Code   200  led.o(.text.led_dev_register)
    $Super$$main                             0x08000c91   Thumb Code   184  main.o(.text.main)
    Region$$Table$$Base                      0x08000d50   Number         0  anon$$obj.o(Region$$Table)
    Region$$Table$$Limit                     0x08000d70   Number         0  anon$$obj.o(Region$$Table)
    VECT_SRAM_TAB                            0x20000000   Data         192  system_air001xx.o(.ARM.__at_0x20000000)
    SystemCoreClock                          0x200000c0   Data           4  system_air001xx.o(.data.SystemCoreClock)
    led_group                                0x200000c4   Data         192  main.o(.data.led_group)
    uwTickFreq                               0x20000184   Data           4  air001xx_hal.o(.data.uwTickFreq)
    uwTickPrio                               0x20000188   Data           4  air001xx_hal.o(.data.uwTickPrio)
    __libspace_start                         0x20000190   Data          96  libspace.o(.bss)
    __temporary_stack_top$libspace           0x200001f0   Data           0  libspace.o(.bss)
    _led                                     0x200001f0   Data          64  led.o(.bss._led)
    uwTick                                   0x20000230   Data           4  air001xx_hal.o(.bss.uwTick)



==============================================================================

Memory Map of the image

  Image Entry point : 0x080000c1

  Load Region LR_IROM1 (Base: 0x08000000, Size: 0x00000f00, Max: 0x00008000, ABSOLUTE, COMPRESSED[0x00000da0])

    Execution Region ER_IROM1 (Exec base: 0x08000000, Load base: 0x08000000, Size: 0x00000d70, Max: 0x00008000, ABSOLUTE)

    Exec Addr    Load Addr    Size         Type   Attr      Idx    E Section Name        Object

    0x08000000   0x08000000   0x000000c0   Data   RO          339    RESET               startup_air001_dev.o
    0x080000c0   0x080000c0   0x00000008   Code   RO          372  * !!!main             c_p.l(__main.o)
    0x080000c8   0x080000c8   0x0000003c   Code   RO          551    !!!scatter          c_p.l(__scatter.o)
    0x08000104   0x08000104   0x0000001c   Code   RO          553    !!handler_zi        c_p.l(__scatter_zi.o)
    0x08000120   0x08000120   0x00000002   Code   RO          410    .ARM.Collect$$libinit$$00000000  c_p.l(libinit.o)
    0x08000122   0x08000122   0x00000000   Code   RO          424    .ARM.Collect$$libinit$$00000002  c_p.l(libinit2.o)
    0x08000122   0x08000122   0x00000000   Code   RO          426    .ARM.Collect$$libinit$$00000004  c_p.l(libinit2.o)
    0x08000122   0x08000122   0x00000000   Code   RO          428    .ARM.Collect$$libinit$$00000006  c_p.l(libinit2.o)
    0x08000122   0x08000122   0x00000000   Code   RO          431    .ARM.Collect$$libinit$$0000000C  c_p.l(libinit2.o)
    0x08000122   0x08000122   0x00000000   Code   RO          433    .ARM.Collect$$libinit$$0000000E  c_p.l(libinit2.o)
    0x08000122   0x08000122   0x00000000   Code   RO          435    .ARM.Collect$$libinit$$00000010  c_p.l(libinit2.o)
    0x08000122   0x08000122   0x00000000   Code   RO          438    .ARM.Collect$$libinit$$00000013  c_p.l(libinit2.o)
    0x08000122   0x08000122   0x00000000   Code   RO          440    .ARM.Collect$$libinit$$00000015  c_p.l(libinit2.o)
    0x08000122   0x08000122   0x00000000   Code   RO          442    .ARM.Collect$$libinit$$00000017  c_p.l(libinit2.o)
    0x08000122   0x08000122   0x00000000   Code   RO          444    .ARM.Collect$$libinit$$00000019  c_p.l(libinit2.o)
    0x08000122   0x08000122   0x00000000   Code   RO          446    .ARM.Collect$$libinit$$0000001B  c_p.l(libinit2.o)
    0x08000122   0x08000122   0x00000000   Code   RO          448    .ARM.Collect$$libinit$$0000001D  c_p.l(libinit2.o)
    0x08000122   0x08000122   0x00000000   Code   RO          450    .ARM.Collect$$libinit$$0000001F  c_p.l(libinit2.o)
    0x08000122   0x08000122   0x00000000   Code   RO          452    .ARM.Collect$$libinit$$00000021  c_p.l(libinit2.o)
    0x08000122   0x08000122   0x00000000   Code   RO          454    .ARM.Collect$$libinit$$00000023  c_p.l(libinit2.o)
    0x08000122   0x08000122   0x00000000   Code   RO          456    .ARM.Collect$$libinit$$00000025  c_p.l(libinit2.o)
    0x08000122   0x08000122   0x00000000   Code   RO          458    .ARM.Collect$$libinit$$00000027  c_p.l(libinit2.o)
    0x08000122   0x08000122   0x00000000   Code   RO          462    .ARM.Collect$$libinit$$0000002E  c_p.l(libinit2.o)
    0x08000122   0x08000122   0x00000000   Code   RO          464    .ARM.Collect$$libinit$$00000030  c_p.l(libinit2.o)
    0x08000122   0x08000122   0x00000000   Code   RO          466    .ARM.Collect$$libinit$$00000032  c_p.l(libinit2.o)
    0x08000122   0x08000122   0x00000000   Code   RO          468    .ARM.Collect$$libinit$$00000034  c_p.l(libinit2.o)
    0x08000122   0x08000122   0x00000002   Code   RO          469    .ARM.Collect$$libinit$$00000035  c_p.l(libinit2.o)
    0x08000124   0x08000124   0x00000002   Code   RO          504    .ARM.Collect$$libshutdown$$00000000  c_p.l(libshutdown.o)
    0x08000126   0x08000126   0x00000000   Code   RO          532    .ARM.Collect$$libshutdown$$00000002  c_p.l(libshutdown2.o)
    0x08000126   0x08000126   0x00000000   Code   RO          534    .ARM.Collect$$libshutdown$$00000004  c_p.l(libshutdown2.o)
    0x08000126   0x08000126   0x00000000   Code   RO          537    .ARM.Collect$$libshutdown$$00000007  c_p.l(libshutdown2.o)
    0x08000126   0x08000126   0x00000000   Code   RO          540    .ARM.Collect$$libshutdown$$0000000A  c_p.l(libshutdown2.o)
    0x08000126   0x08000126   0x00000000   Code   RO          542    .ARM.Collect$$libshutdown$$0000000C  c_p.l(libshutdown2.o)
    0x08000126   0x08000126   0x00000000   Code   RO          545    .ARM.Collect$$libshutdown$$0000000F  c_p.l(libshutdown2.o)
    0x08000126   0x08000126   0x00000002   Code   RO          546    .ARM.Collect$$libshutdown$$00000010  c_p.l(libshutdown2.o)
    0x08000128   0x08000128   0x00000000   Code   RO          374    .ARM.Collect$$rtentry$$00000000  c_p.l(__rtentry.o)
    0x08000128   0x08000128   0x00000000   Code   RO          380    .ARM.Collect$$rtentry$$00000002  c_p.l(__rtentry2.o)
    0x08000128   0x08000128   0x00000006   Code   RO          392    .ARM.Collect$$rtentry$$00000004  c_p.l(__rtentry4.o)
    0x0800012e   0x0800012e   0x00000000   Code   RO          382    .ARM.Collect$$rtentry$$00000009  c_p.l(__rtentry2.o)
    0x0800012e   0x0800012e   0x00000004   Code   RO          383    .ARM.Collect$$rtentry$$0000000A  c_p.l(__rtentry2.o)
    0x08000132   0x08000132   0x00000000   Code   RO          385    .ARM.Collect$$rtentry$$0000000C  c_p.l(__rtentry2.o)
    0x08000132   0x08000132   0x00000008   Code   RO          386    .ARM.Collect$$rtentry$$0000000D  c_p.l(__rtentry2.o)
    0x0800013a   0x0800013a   0x00000002   Code   RO          415    .ARM.Collect$$rtexit$$00000000  c_p.l(rtexit.o)
    0x0800013c   0x0800013c   0x00000000   Code   RO          475    .ARM.Collect$$rtexit$$00000002  c_p.l(rtexit2.o)
    0x0800013c   0x0800013c   0x00000004   Code   RO          476    .ARM.Collect$$rtexit$$00000003  c_p.l(rtexit2.o)
    0x08000140   0x08000140   0x00000006   Code   RO          477    .ARM.Collect$$rtexit$$00000004  c_p.l(rtexit2.o)
    0x08000146   0x08000146   0x00000002   PAD
    0x08000148   0x08000148   0x00000038   Code   RO          340    .text               startup_air001_dev.o
    0x08000180   0x08000180   0x0000016c   Code   RO          366    .text               c_p.l(aeabi_sdiv.o)
    0x080002ec   0x080002ec   0x00000006   Code   RO          370    .text               c_p.l(heapauxi.o)
    0x080002f2   0x080002f2   0x0000003e   Code   RO          396    .text               c_p.l(sys_stackheap_outer.o)
    0x08000330   0x08000330   0x00000010   Code   RO          399    .text               c_p.l(exit.o)
    0x08000340   0x08000340   0x00000008   Code   RO          411    .text               c_p.l(libspace.o)
    0x08000348   0x08000348   0x0000000c   Code   RO          470    .text               c_p.l(sys_exit.o)
    0x08000354   0x08000354   0x00000002   Code   RO          493    .text               c_p.l(use_no_semi.o)
    0x08000356   0x08000356   0x00000000   Code   RO          495    .text               c_p.l(indicate_semi.o)
    0x08000356   0x08000356   0x0000003a   Code   RO          549    .text               c_p.l(__dczerorl.o)
    0x08000390   0x08000390   0x00000050   Code   RO          351    .text.$Sub$$main    system_air001xx.o
    0x080003e0   0x080003e0   0x00000040   Code   RO           49    .text.HAL_Delay     air001xx_hal.o
    0x08000420   0x08000420   0x0000029c   Code   RO          290    .text.HAL_GPIO_Init  air001xx_hal_gpio.o
    0x080006bc   0x080006bc   0x00000032   Code   RO          294    .text.HAL_GPIO_ReadPin  air001xx_hal_gpio.o
    0x080006ee   0x080006ee   0x0000002c   Code   RO          296    .text.HAL_GPIO_WritePin  air001xx_hal_gpio.o
    0x0800071a   0x0800071a   0x00000002   PAD
    0x0800071c   0x0800071c   0x00000008   Code   RO           41    .text.HAL_GetTick   air001xx_hal.o
    0x08000724   0x08000724   0x00000014   Code   RO           39    .text.HAL_IncTick   air001xx_hal.o
    0x08000738   0x08000738   0x0000002c   Code   RO           29    .text.HAL_Init      air001xx_hal.o
    0x08000764   0x08000764   0x00000084   Code   RO           31    .text.HAL_InitTick  air001xx_hal.o
    0x080007e8   0x080007e8   0x00000002   Code   RO           33    .text.HAL_MspInit   air001xx_hal.o
    0x080007ea   0x080007ea   0x0000001c   Code   RO          180    .text.HAL_NVIC_SetPriority  air001xx_hal_cortex.o
    0x08000806   0x08000806   0x00000010   Code   RO          196    .text.HAL_SYSTICK_Config  air001xx_hal_cortex.o
    0x08000816   0x08000816   0x00000004   Code   RO           14    .text.HardFault_Handler  air001xx_it.o
    0x0800081a   0x0800081a   0x00000002   Code   RO           12    .text.NMI_Handler   air001xx_it.o
    0x0800081c   0x0800081c   0x00000002   Code   RO           18    .text.PendSV_Handler  air001xx_it.o
    0x0800081e   0x0800081e   0x00000002   Code   RO           16    .text.SVC_Handler   air001xx_it.o
    0x08000820   0x08000820   0x00000050   Code   RO          198    .text.SysTick_Config  air001xx_hal_cortex.o
    0x08000870   0x08000870   0x00000008   Code   RO           20    .text.SysTick_Handler  air001xx_it.o
    0x08000878   0x08000878   0x00000030   Code   RO          349    .text.SystemInit    system_air001xx.o
    0x080008a8   0x080008a8   0x00000084   Code   RO          182    .text.__NVIC_SetPriority  air001xx_hal_cortex.o
    0x0800092c   0x0800092c   0x00000016   Code   RO          319    .text.led_close     led.o
    0x08000942   0x08000942   0x00000002   PAD
    0x08000944   0x08000944   0x000000dc   Code   RO          313    .text.led_dev_register  led.o
    0x08000a20   0x08000a20   0x000000fc   Code   RO          315    .text.led_init      led.o
    0x08000b1c   0x08000b1c   0x00000016   Code   RO          317    .text.led_open      led.o
    0x08000b32   0x08000b32   0x00000002   PAD
    0x08000b34   0x08000b34   0x00000050   Code   RO          325    .text.led_port_to_type  led.o
    0x08000b84   0x08000b84   0x00000076   Code   RO          321    .text.led_read      led.o
    0x08000bfa   0x08000bfa   0x00000040   Code   RO          327    .text.led_state_led_to_pin  led.o
    0x08000c3a   0x08000c3a   0x00000054   Code   RO          323    .text.led_write     led.o
    0x08000c8e   0x08000c8e   0x00000002   PAD
    0x08000c90   0x08000c90   0x000000c0   Code   RO            2    .text.main          main.o
    0x08000d50   0x08000d50   0x00000020   Data   RO          548    Region$$Table       anon$$obj.o


    Execution Region RW_IRAM1 (Exec base: 0x20000000, Load base: 0x08000d70, Size: 0x00000838, Max: 0x00001000, ABSOLUTE, COMPRESSED[0x00000030])

    Exec Addr    Load Addr    Size         Type   Attr      Idx    E Section Name        Object

    0x20000000   COMPRESSED   0x000000c0   Data   RW          357    .ARM.__at_0x20000000  system_air001xx.o
    0x200000c0   COMPRESSED   0x00000004   Data   RW          353    .data.SystemCoreClock  system_air001xx.o
    0x200000c4   COMPRESSED   0x000000c0   Data   RW            4    .data.led_group     main.o
    0x20000184   COMPRESSED   0x00000004   Data   RW           74    .data.uwTickFreq    air001xx_hal.o
    0x20000188   COMPRESSED   0x00000004   Data   RW           73    .data.uwTickPrio    air001xx_hal.o
    0x2000018c   COMPRESSED   0x00000004   PAD
    0x20000190        -       0x00000060   Zero   RW          412    .bss                c_p.l(libspace.o)
    0x200001f0        -       0x00000040   Zero   RW          329    .bss._led           led.o
    0x20000230        -       0x00000004   Zero   RW           75    .bss.uwTick         air001xx_hal.o
    0x20000234   COMPRESSED   0x00000004   PAD
    0x20000238        -       0x00000200   Zero   RW          338    HEAP                startup_air001_dev.o
    0x20000438        -       0x00000400   Zero   RW          337    STACK               startup_air001_dev.o


==============================================================================

Image component sizes


      Code (inc. data)   RO Data    RW Data    ZI Data      Debug   Object Name

       270         16          0          8          4       5093   air001xx_hal.o
       256         20          0          0          0       5077   air001xx_hal_cortex.o
       762         24          0          0          0       4137   air001xx_hal_gpio.o
        18          0          0          0          0        686   air001xx_it.o
       862         32          0          0         64       4231   led.o
       192          8          0        192          0       1704   main.o
        56         26        192          0       1536        656   startup_air001_dev.o
       128         24          0        196          0       2412   system_air001xx.o

    ----------------------------------------------------------------------
      2552        150        224        396       1612      23996   Object Totals
         0          0         32          0          0          0   (incl. Generated)
         8          0          0          0          8          0   (incl. Padding)

    ----------------------------------------------------------------------

      Code (inc. data)   RO Data    RW Data    ZI Data      Debug   Library Member Name

        58          0          0          0          0          0   __dczerorl.o
         8          0          0          0          0         68   __main.o
         0          0          0          0          0          0   __rtentry.o
        12          0          0          0          0          0   __rtentry2.o
         6          0          0          0          0          0   __rtentry4.o
        60          8          0          0          0          0   __scatter.o
        28          0          0          0          0          0   __scatter_zi.o
       364          4          0          0          0         92   aeabi_sdiv.o
        16          0          0          0          0         68   exit.o
         6          0          0          0          0        136   heapauxi.o
         0          0          0          0          0          0   indicate_semi.o
         2          0          0          0          0          0   libinit.o
         2          0          0          0          0          0   libinit2.o
         2          0          0          0          0          0   libshutdown.o
         2          0          0          0          0          0   libshutdown2.o
         8          4          0          0         96         68   libspace.o
         2          0          0          0          0          0   rtexit.o
        10          0          0          0          0          0   rtexit2.o
        12          4          0          0          0         60   sys_exit.o
        62          0          0          0          0         80   sys_stackheap_outer.o
         2          0          0          0          0         68   use_no_semi.o

    ----------------------------------------------------------------------
       664         20          0          0         96        640   Library Totals
         2          0          0          0          0          0   (incl. Padding)

    ----------------------------------------------------------------------

      Code (inc. data)   RO Data    RW Data    ZI Data      Debug   Library Name

       662         20          0          0         96        640   c_p.l

    ----------------------------------------------------------------------
       664         20          0          0         96        640   Library Totals

    ----------------------------------------------------------------------

==============================================================================


      Code (inc. data)   RO Data    RW Data    ZI Data      Debug   

      3216        170        224        396       1708      24376   Grand Totals
      3216        170        224         48       1708      24376   ELF Image Totals (compressed)
      3216        170        224         48          0          0   ROM Totals

==============================================================================

    Total RO  Size (Code + RO Data)                 3440 (   3.36kB)
    Total RW  Size (RW Data + ZI Data)              2104 (   2.05kB)
    Total ROM Size (Code + RO Data + RW Data)       3488 (   3.41kB)

==============================================================================

