<html>
<body>
<pre>
<h1>µVision Build Log</h1>
<h2>Tool Versions:</h2>
IDE-Version: ¦ÌVision V5.38.0.0
Copyright (C) 2022 ARM Ltd and ARM Germany GmbH. All rights reserved.
License Information: 2 2, 2, LIC=9WSKC-70IUW-RAJDM-XEIUF-K9DMZ-G0GWJ
 
Tool Versions:
Toolchain:       MDK-ARM Plus  Version: 5.38.0.0
Toolchain Path:  D:\Keil_v5\ARM\ARMCLANG\Bin
C Compiler:      ArmClang.exe V6.19
Assembler:       Armasm.exe V6.19
Linker/Locator:  ArmLink.exe V6.19
Library Manager: ArmAr.exe V6.19
Hex Converter:   FromElf.exe V6.19
CPU DLL:         SARMCM3.DLL V5.38.0.0
Dialog DLL:      DARMCM1.DLL V1.19.6.0
Target DLL:      CMSIS_AGDI.dll V1.33.15.0
Dialog DLL:      TARMCM1.DLL V1.14.6.0
 
<h2>Project:</h2>
D:\code\EmbeddedProject\Air\Air001\LED\MDK-ARM\led.uvprojx
Project File Date:  07/14/2023

<h2>Output:</h2>
*** Using Compiler 'V6.19', folder: 'D:\Keil_v5\ARM\ARMCLANG\Bin'
Build target 'Target 1'
compiling main.c...
linking...
Program Size: Code=3216 RO-data=224 RW-data=396 ZI-data=1708  
FromELF: creating hex file...
".\Objects\led.axf" - 0 Error(s), 0 Warning(s).

<h2>Software Packages used:</h2>

Package Vendor: ARM
                http://www.keil.com/pack/ARM.CMSIS.5.9.0.pack
                ARM.CMSIS.5.9.0
                CMSIS (Common Microcontroller Software Interface Standard)
   * Component: CORE Version: 5.6.0

Package Vendor: Keil
                https://luatos.com/t/air001/Keil.AIR001_DFP.1.0.1.pack
                Keil.AIR001_DFP.1.0.1
                AirM2M AIR001 Series Device Support, Drivers
   * Component: Startup Version: 0.0.1

<h2>Collection of Component include folders:</h2>
  ./RTE/_Target_1
  D:/Users/YEWAN/AppData/Local/Arm/Packs/ARM/CMSIS/5.9.0/CMSIS/Core/Include
  D:/Users/YEWAN/AppData/Local/Arm/Packs/Keil/AIR001_DFP/1.0.1/Device/Include

<h2>Collection of Component Files used:</h2>

   * Component: ARM::CMSIS:CORE:5.6.0

   * Component: Keil::Device:Startup:0.0.1
      Source file:   Device/Source/system_air001xx.c
      Include file:  Device/Include/air001xx.h
      Source file:   Device/Source/ARM/startup_air001_dev.s
Build Time Elapsed:  00:00:00
</pre>
</body>
</html>
